Archive member included because of file (symbol)

/home/mehdi/SimplicityStudio/v4_workspace/BARK_v2/protocol/bluetooth_2.7/lib/EFR32BG13P/GCC/libbluetooth.a(bgapi.c.obj)
                              ./BARK_CODE/src/bark_flash.o (gecko_rsp_msg_buf)
/home/mehdi/SimplicityStudio/v4_workspace/BARK_v2/protocol/bluetooth_2.7/lib/EFR32BG13P/GCC/libbluetooth.a(bgapi_gap.c.obj)
                              ./advertisement.o (sli_bt_cmd_le_gap_set_mode)
/home/mehdi/SimplicityStudio/v4_workspace/BARK_v2/protocol/bluetooth_2.7/lib/EFR32BG13P/GCC/libbluetooth.a(bgapi_gatt.c.obj)
                              /home/mehdi/SimplicityStudio/v4_workspace/BARK_v2/protocol/bluetooth_2.7/lib/EFR32BG13P/GCC/libbluetooth.a(bgapi.c.obj) (bgapi_gatt_listener)
/home/mehdi/SimplicityStudio/v4_workspace/BARK_v2/protocol/bluetooth_2.7/lib/EFR32BG13P/GCC/libbluetooth.a(bgapi_gatt_lib.c.obj)
                              ./main.o (sli_bt_cmd_gatt_server_read_attribute_value)
/home/mehdi/SimplicityStudio/v4_workspace/BARK_v2/protocol/bluetooth_2.7/lib/EFR32BG13P/GCC/libbluetooth.a(bgapi_hardware.c.obj)
                              ./app.o (sli_bt_cmd_hardware_set_soft_timer)
/home/mehdi/SimplicityStudio/v4_workspace/BARK_v2/protocol/bluetooth_2.7/lib/EFR32BG13P/GCC/libbluetooth.a(bgapi_le_connection.c.obj)
                              ./main.o (sli_bt_cmd_le_connection_set_parameters)
/home/mehdi/SimplicityStudio/v4_workspace/BARK_v2/protocol/bluetooth_2.7/lib/EFR32BG13P/GCC/libbluetooth.a(bgapi_ps.c.obj)
                              ./BARK_CODE/src/bark_flash.o (sli_bt_cmd_flash_ps_save)
/home/mehdi/SimplicityStudio/v4_workspace/BARK_v2/protocol/bluetooth_2.7/lib/EFR32BG13P/GCC/libbluetooth.a(bgapi_sm.c.obj)
                              ./main.o (sli_bt_cmd_sm_set_bondable_mode)
/home/mehdi/SimplicityStudio/v4_workspace/BARK_v2/protocol/bluetooth_2.7/lib/EFR32BG13P/GCC/libbluetooth.a(bgapi_system.c.obj)
                              ./app.o (sli_bt_cmd_system_get_bt_address)
/home/mehdi/SimplicityStudio/v4_workspace/BARK_v2/protocol/bluetooth_2.7/lib/EFR32BG13P/GCC/libbluetooth.a(bgbuf.c.obj)
                              /home/mehdi/SimplicityStudio/v4_workspace/BARK_v2/protocol/bluetooth_2.7/lib/EFR32BG13P/GCC/libbluetooth.a(bgapi_gatt.c.obj) (bgbuf_chain_free)
/home/mehdi/SimplicityStudio/v4_workspace/BARK_v2/protocol/bluetooth_2.7/lib/EFR32BG13P/GCC/libbluetooth.a(bglib.c.obj)
                              ./main.o (gecko_stack_init)
/home/mehdi/SimplicityStudio/v4_workspace/BARK_v2/protocol/bluetooth_2.7/lib/EFR32BG13P/GCC/libbluetooth.a(bondingdb.c.obj)
                              /home/mehdi/SimplicityStudio/v4_workspace/BARK_v2/protocol/bluetooth_2.7/lib/EFR32BG13P/GCC/libbluetooth.a(bgapi_sm.c.obj) (ubt_sm_set_max_mode)
/home/mehdi/SimplicityStudio/v4_workspace/BARK_v2/protocol/bluetooth_2.7/lib/EFR32BG13P/GCC/libbluetooth.a(btl_interface.c.obj)
                              /home/mehdi/SimplicityStudio/v4_workspace/BARK_v2/protocol/bluetooth_2.7/lib/EFR32BG13P/GCC/libbluetooth.a(bgapi.c.obj) (bootloader_getInfo)
/home/mehdi/SimplicityStudio/v4_workspace/BARK_v2/protocol/bluetooth_2.7/lib/EFR32BG13P/GCC/libbluetooth.a(gap.c.obj)
                              /home/mehdi/SimplicityStudio/v4_workspace/BARK_v2/protocol/bluetooth_2.7/lib/EFR32BG13P/GCC/libbluetooth.a(bgapi_gap.c.obj) (ubt_gap_set_le_connection_parameters)
/home/mehdi/SimplicityStudio/v4_workspace/BARK_v2/protocol/bluetooth_2.7/lib/EFR32BG13P/GCC/libbluetooth.a(gap_resolver.c.obj)
                              /home/mehdi/SimplicityStudio/v4_workspace/BARK_v2/protocol/bluetooth_2.7/lib/EFR32BG13P/GCC/libbluetooth.a(gap.c.obj) (gap_address_resolver_step)
/home/mehdi/SimplicityStudio/v4_workspace/BARK_v2/protocol/bluetooth_2.7/lib/EFR32BG13P/GCC/libbluetooth.a(gatt.c.obj)
                              /home/mehdi/SimplicityStudio/v4_workspace/BARK_v2/protocol/bluetooth_2.7/lib/EFR32BG13P/GCC/libbluetooth.a(gap.c.obj) (gatt_init_connection)
/home/mehdi/SimplicityStudio/v4_workspace/BARK_v2/protocol/bluetooth_2.7/lib/EFR32BG13P/GCC/libbluetooth.a(gatt_client.c.obj)
                              /home/mehdi/SimplicityStudio/v4_workspace/BARK_v2/protocol/bluetooth_2.7/lib/EFR32BG13P/GCC/libbluetooth.a(bgapi_gatt_lib.c.obj) (gatt_client_init)
/home/mehdi/SimplicityStudio/v4_workspace/BARK_v2/protocol/bluetooth_2.7/lib/EFR32BG13P/GCC/libbluetooth.a(gatt_db_minimal.c.obj)
                              /home/mehdi/SimplicityStudio/v4_workspace/BARK_v2/protocol/bluetooth_2.7/lib/EFR32BG13P/GCC/libbluetooth.a(gatt.c.obj) (gatt_db_set_db)
/home/mehdi/SimplicityStudio/v4_workspace/BARK_v2/protocol/bluetooth_2.7/lib/EFR32BG13P/GCC/libbluetooth.a(gatt_server.c.obj)
                              /home/mehdi/SimplicityStudio/v4_workspace/BARK_v2/protocol/bluetooth_2.7/lib/EFR32BG13P/GCC/libbluetooth.a(gatt_db_minimal.c.obj) (gatt_server_send_attribute_value_event)
[...]
Memory Configuration

Name             Origin             Length             Attributes
FLASH_BOOTLOADER 0x0fe10000         0x00004000         xr
FLASH            0x00000000         0x0007b000         xr
RAM              0x20000000         0x0000fffc         xrw
*default*        0x00000000         0xffffffff

Linker script and memory map

LOAD /home/mehdi/Downloads/SimplicityStudio_v4/developer/toolchains/gnu_arm/4.9_2015q3/bin/../lib/gcc/arm-none-eabi/4.9.3/armv7e-m/softfp/crti.o
LOAD /home/mehdi/Downloads/SimplicityStudio_v4/developer/toolchains/gnu_arm/4.9_2015q3/bin/../lib/gcc/arm-none-eabi/4.9.3/armv7e-m/softfp/crtbegin.o
LOAD /home/mehdi/Downloads/SimplicityStudio_v4/developer/toolchains/gnu_arm/4.9_2015q3/bin/../lib/gcc/arm-none-eabi/4.9.3/../../../../arm-none-eabi/lib/armv7e-m/softfp/crt0.o
START GROUP
LOAD ./BARK_CODE/src/adc.o
LOAD ./BARK_CODE/src/bark_flash.o
LOAD ./BARK_CODE/src/display_bark.o
LOAD ./BARK_CODE/src/letimer.o
LOAD ./BARK_CODE/src/servo.o
LOAD ./advertisement.o
LOAD ./app.o
LOAD ./app_hw.o
LOAD ./app_ui.o
LOAD ./application_properties.o
LOAD ./beacon.o
LOAD ./gatt_db.o
LOAD ./graphics.o
LOAD ./ia.o
LOAD ./init_app.o
LOAD ./init_board.o
LOAD ./init_mcu.o
LOAD ./main.o
LOAD ./pti.o
LOAD ./hardware/kit/common/bsp/bsp_stk.o
LOAD ./hardware/kit/common/bsp/bsp_stk_leds.o
LOAD ./hardware/kit/common/drivers/display.o
LOAD ./hardware/kit/common/drivers/displayls013b7dh03.o
LOAD ./hardware/kit/common/drivers/displaypalemlib.o
LOAD ./hardware/kit/common/drivers/i2cspm.o
LOAD ./hardware/kit/common/drivers/mx25flash_spi.o
LOAD ./hardware/kit/common/drivers/si7013.o
LOAD ./hardware/kit/common/drivers/tempsens.o
LOAD ./hardware/kit/common/drivers/udelay.o
LOAD ./platform/Device/SiliconLabs/EFR32BG13P/Source/GCC/startup_efr32bg13p.o
LOAD ./platform/Device/SiliconLabs/EFR32BG13P/Source/system_efr32bg13p.o
LOAD ./platform/emdrv/sleep/src/sleep.o
LOAD ./platform/emdrv/tempdrv/src/tempdrv.o
LOAD ./platform/emlib/src/em_adc.o
LOAD ./platform/emlib/src/em_cmu.o
LOAD ./platform/emlib/src/em_core.o
LOAD ./platform/emlib/src/em_cryotimer.o
LOAD ./platform/emlib/src/em_crypto.o
LOAD ./platform/emlib/src/em_emu.o
LOAD ./platform/emlib/src/em_gpio.o
LOAD ./platform/emlib/src/em_i2c.o
LOAD ./platform/emlib/src/em_letimer.o
LOAD ./platform/emlib/src/em_msc.o
LOAD ./platform/emlib/src/em_rmu.o
LOAD ./platform/emlib/src/em_rtcc.o
LOAD ./platform/emlib/src/em_system.o
LOAD ./platform/emlib/src/em_usart.o
LOAD ./platform/middleware/glib/dmd/display/dmd_display.o
LOAD ./platform/middleware/glib/glib/bmp.o
LOAD ./platform/middleware/glib/glib/glib.o
LOAD ./platform/middleware/glib/glib/glib_bitmap.o
LOAD ./platform/middleware/glib/glib/glib_circle.o
LOAD ./platform/middleware/glib/glib/glib_font_narrow_6x8.o
LOAD ./platform/middleware/glib/glib/glib_font_normal_8x8.o
LOAD ./platform/middleware/glib/glib/glib_font_number_16x20.o
LOAD ./platform/middleware/glib/glib/glib_line.o
LOAD ./platform/middleware/glib/glib/glib_polygon.o
LOAD ./platform/middleware/glib/glib/glib_rectangle.o
LOAD ./platform/middleware/glib/glib/glib_string.o
LOAD /home/mehdi/SimplicityStudio/v4_workspace/BARK_v2/protocol/bluetooth_2.7/lib/EFR32BG13P/GCC/libmbedtls.a
LOAD /home/mehdi/SimplicityStudio/v4_workspace/BARK_v2/protocol/bluetooth_2.7/lib/EFR32BG13P/GCC/libbluetooth.a
LOAD /home/mehdi/SimplicityStudio/v4_workspace/BARK_v2/protocol/bluetooth_2.7/lib/EFR32BG13P/GCC/binapploader.o
LOAD /home/mehdi/SimplicityStudio/v4_workspace/BARK_v2/protocol/bluetooth_2.7/lib/EFR32BG13P/GCC/libpsstore.a
LOAD /home/mehdi/SimplicityStudio/v4_workspace/BARK_v2/platform/radio/rail_lib/autogen/librail_release/librail_efr32xg13_gcc_release.a
LOAD /home/mehdi/Downloads/SimplicityStudio_v4/developer/toolchains/gnu_arm/4.9_2015q3/bin/../lib/gcc/arm-none-eabi/4.9.3/../../../../arm-none-eabi/lib/armv7e-m/softfp/libm.a
END GROUP
START GROUP
LOAD /home/mehdi/Downloads/SimplicityStudio_v4/developer/toolchains/gnu_arm/4.9_2015q3/bin/../lib/gcc/arm-none-eabi/4.9.3/armv7e-m/softfp/libgcc.a
LOAD /home/mehdi/Downloads/SimplicityStudio_v4/developer/toolchains/gnu_arm/4.9_2015q3/bin/../lib/gcc/arm-none-eabi/4.9.3/../../../../arm-none-eabi/lib/armv7e-m/softfp/libc_nano.a
LOAD /home/mehdi/Downloads/SimplicityStudio_v4/developer/toolchains/gnu_arm/4.9_2015q3/bin/../lib/gcc/arm-none-eabi/4.9.3/../../../../arm-none-eabi/lib/armv7e-m/softfp/libnosys.a
END GROUP
START GROUP
LOAD /home/mehdi/Downloads/SimplicityStudio_v4/developer/toolchains/gnu_arm/4.9_2015q3/bin/../lib/gcc/arm-none-eabi/4.9.3/armv7e-m/softfp/libgcc.a
LOAD /home/mehdi/Downloads/SimplicityStudio_v4/developer/toolchains/gnu_arm/4.9_2015q3/bin/../lib/gcc/arm-none-eabi/4.9.3/../../../../arm-none-eabi/lib/armv7e-m/softfp/libg_nano.a
LOAD /home/mehdi/Downloads/SimplicityStudio_v4/developer/toolchains/gnu_arm/4.9_2015q3/bin/../lib/gcc/arm-none-eabi/4.9.3/../../../../arm-none-eabi/lib/armv7e-m/softfp/libc_nano.a
END GROUP
START GROUP
LOAD /home/mehdi/Downloads/SimplicityStudio_v4/developer/toolchains/gnu_arm/4.9_2015q3/bin/../lib/gcc/arm-none-eabi/4.9.3/armv7e-m/softfp/libgcc.a
LOAD /home/mehdi/Downloads/SimplicityStudio_v4/developer/toolchains/gnu_arm/4.9_2015q3/bin/../lib/gcc/arm-none-eabi/4.9.3/../../../../arm-none-eabi/lib/armv7e-m/softfp/libc_nano.a
END GROUP
LOAD /home/mehdi/Downloads/SimplicityStudio_v4/developer/toolchains/gnu_arm/4.9_2015q3/bin/../lib/gcc/arm-none-eabi/4.9.3/armv7e-m/softfp/crtend.o
LOAD /home/mehdi/Downloads/SimplicityStudio_v4/developer/toolchains/gnu_arm/4.9_2015q3/bin/../lib/gcc/arm-none-eabi/4.9.3/armv7e-m/softfp/crtn.o

.text_bootloader
                0x0fe10000        0x0
 *(.binbootloader*)
                0x0fe10000                . = ALIGN (0x4000)

.text_apploader
                0x00000000     0x9fc0
 *(.binapploader*)
 .binapploader  0x00000000     0x9fc0 /home/mehdi/SimplicityStudio/v4_workspace/BARK_v2/protocol/bluetooth_2.7/lib/EFR32BG13P/GCC/binapploader.o

.text_signature
                0x00009fc0       0x40
                0x0000a000                . = ALIGN (0x800)
 *fill*         0x00009fc0       0x40 
                0x0000a000                __text_start__ = .

.text_application
                0x0000a000    0x28a24
 *(.vectors)
 .vectors       0x0000a000       0xfc ./platform/Device/SiliconLabs/EFR32BG13P/Source/GCC/startup_efr32bg13p.o
                0x0000a000                __Vectors
                0x0000a0fc                __Vectors_End = .
                0x000000fc                __Vectors_Size = (__Vectors_End - __Vectors)
                0x0000a0fc                __end__ = .
 *(.application_properties)
 .application_properties
                0x0000a0fc       0x38 ./application_properties.o
                0x0000a0fc                applicationProperties
 *(.gecko_configuration)
 *(.xo_configuration)
 *(.gatt_header)
 .gatt_header   0x0000a134       0x34 ./gatt_db.o
                0x0000a134                bg_gattdb_data
 *(.gatt_data)
 .gatt_data     0x0000a168      0x221 ./gatt_db.o
                0x0000a168                bg_gattdb_data_uuidtable_16_map
                0x0000a17c                bg_gattdb_data_uuidtable_128_map
                0x0000a1cc                bg_gattdb_data_attribute_field_18
                0x0000a1d4                bg_gattdb_data_attribute_field_17
                0x0000a1ec                bg_gattdb_data_attribute_field_15
                0x0000a1f4                bg_gattdb_data_attribute_field_14
                0x0000a20c                bg_gattdb_data_attribute_field_13
                0x0000a220                bg_gattdb_data_attribute_field_11
                0x0000a228                bg_gattdb_data_attribute_field_10
                0x0000a240                bg_gattdb_data_attribute_field_9
                0x0000a254                bg_gattdb_data_attribute_field_8
                0x0000a258                bg_gattdb_data_attribute_field_7
                0x0000a260                bg_gattdb_data_attribute_field_6
                0x0000a268                bg_gattdb_data_attribute_field_5
                0x0000a270                bg_gattdb_data_attribute_field_4
                0x0000a274                bg_gattdb_data_attribute_field_2
                0x0000a27c                bg_gattdb_data_attribute_field_1
                0x0000a284                bg_gattdb_data_attribute_field_0
                0x0000a288                bg_gattdb_data_attributes_map
                0x0000a378                bg_gattdb_data_attributes_dynamic_mapping_map
                0x0000a384                bg_gattdb_data_adv_uuid16_map
                0x0000a388                bg_gattdb_data_adv_uuid128_map
 *(.text*)
 *fill*         0x0000a389        0x3 
 .text          0x0000a38c       0x5c /home/mehdi/Downloads/SimplicityStudio_v4/developer/toolchains/gnu_arm/4.9_2015q3/bin/../lib/gcc/arm-none-eabi/4.9.3/armv7e-m/softfp/crtbegin.o
 .text          0x0000a3e8       0x74 /home/mehdi/Downloads/SimplicityStudio_v4/developer/toolchains/gnu_arm/4.9_2015q3/bin/../lib/gcc/arm-none-eabi/4.9.3/../../../../arm-none-eabi/lib/armv7e-m/softfp/crt0.o
                0x0000a3e8                _mainCRTStartup
                0x0000a3e8                _start
 .text.NVIC_EnableIRQ
                0x0000a45c       0x30 ./BARK_CODE/src/adc.o
 .text.ADC_Start
                0x0000a48c       0x1c ./BARK_CODE/src/adc.o
 .text.adc_init
                0x0000a4a8       0xfc ./BARK_CODE/src/adc.o
                0x0000a4a8                adc_init
 .text.adc_enable
                0x0000a5a4       0x54 ./BARK_CODE/src/adc.o
                0x0000a5a4                adc_enable
 .text.adc_disable
                0x0000a5f8       0x34 ./BARK_CODE/src/adc.o
                0x0000a5f8                adc_disable
 .text.ADC0_IRQHandler
                0x0000a62c       0x38 ./BARK_CODE/src/adc.o
                0x0000a62c                ADC0_IRQHandler
 .text.gecko_cmd_flash_ps_save
                0x0000a664       0x8c ./BARK_CODE/src/bark_flash.o
 .text.gecko_cmd_flash_ps_load
                0x0000a6f0       0x50 ./BARK_CODE/src/bark_flash.o
 .text.bark_save_servo_location
                0x0000a740       0x20 ./BARK_CODE/src/bark_flash.o
                0x0000a740                bark_save_servo_location
 .text.bark_load_servo_location
                0x0000a760       0x20 ./BARK_CODE/src/bark_flash.o
                0x0000a760                bark_load_servo_location
 .text.display_initialize
                0x0000a780       0x2c ./BARK_CODE/src/display_bark.o
                0x0000a780                display_initialize
 .text.display_passkey
                0x0000a7ac       0x3c ./BARK_CODE/src/display_bark.o
                0x0000a7ac                display_passkey
 .text.displayLCD
                0x0000a7e8       0xf0 ./BARK_CODE/src/display_bark.o
                0x0000a7e8                displayLCD
 .text.GPIO_PinOutToggle
                0x0000a8d8       0x58 ./BARK_CODE/src/letimer.o
 .text.cmu_setup
                0x0000a930       0x40 ./BARK_CODE/src/letimer.o
                0x0000a930                cmu_setup
 .text.leTimer0_enable
                0x0000a970      0x1ec ./BARK_CODE/src/letimer.o
                0x0000a970                leTimer0_enable
 .text.BUS_RegMaskedSet
                0x0000ab5c       0x24 ./BARK_CODE/src/servo.o
 .text.BUS_RegMaskedClear
                0x0000ab80       0x24 ./BARK_CODE/src/servo.o
 .text.GPIO_PinOutClear
                0x0000aba4       0x58 ./BARK_CODE/src/servo.o
 .text.GPIO_PinOutSet
                0x0000abfc       0x58 ./BARK_CODE/src/servo.o
 .text.servo_setup
                0x0000ac54       0x44 ./BARK_CODE/src/servo.o
                0x0000ac54                servo_setup
 .text.servo_turn_left
                0x0000ac98       0xb8 ./BARK_CODE/src/servo.o
                0x0000ac98                servo_turn_left
 .text.servo_turn_right
                0x0000ad50       0xb8 ./BARK_CODE/src/servo.o
                0x0000ad50                servo_turn_right
 .text.servo_turn_center
                0x0000ae08       0xa4 ./BARK_CODE/src/servo.o
                0x0000ae08                servo_turn_center
 *fill*         0x0000aeac        0x4 
 .text.servo_turn_center_right_correction
                0x0000aeb0       0x6c ./BARK_CODE/src/servo.o
                0x0000aeb0                servo_turn_center_right_correction
 .text.turn_light_on
                0x0000af1c       0x34 ./BARK_CODE/src/servo.o
                0x0000af1c                turn_light_on
 .text.turn_light_off
                0x0000af50       0x30 ./BARK_CODE/src/servo.o
                0x0000af50                turn_light_off
 .text.gecko_cmd_hardware_set_soft_timer
                0x0000af80       0x64 ./app.o
 .text.rtcIntCallbackRegister
                0x0000afe4       0x34 ./app.o
                0x0000afe4                rtcIntCallbackRegister
 .text.graphInit
                0x0000b018       0x64 ./graphics.o
                0x0000b018                graphInit
 .text.GRAPHICS_Init
                0x0000b07c       0x48 ./graphics.o
                0x0000b07c                GRAPHICS_Init
 .text.GRAPHICS_Update
                0x0000b0c4        0xc ./graphics.o
                0x0000b0c4                GRAPHICS_Update
 .text.GRAPHICS_Clear
                0x0000b0d0       0x24 ./graphics.o
                0x0000b0d0                GRAPHICS_Clear
 .text.GRAPHICS_AppendString
                0x0000b0f4       0x58 ./graphics.o
                0x0000b0f4                GRAPHICS_AppendString
 .text.initApp  0x0000b14c       0x54 ./init_app.o
                0x0000b14c                initApp
 .text.initBoard
                0x0000b1a0       0x48 ./init_board.o
                0x0000b1a0                initBoard
 .text.CHIP_Init
                0x0000b1e8       0x50 ./init_mcu.o
 .text.initMcu  0x0000b238       0x98 ./init_mcu.o
                0x0000b238                initMcu
 .text.initMcu_clocks
                0x0000b2d0       0xa4 ./init_mcu.o
 .text.NVIC_EnableIRQ
                0x0000b374       0x30 ./main.o
 .text.NVIC_DisableIRQ
                0x0000b3a4       0x34 ./main.o
 .text.BUS_RegMaskedClear
                0x0000b3d8       0x24 ./main.o
 .text.GPIO_PinOutClear
                0x0000b3fc       0x58 ./main.o
 .text.gecko_initCoexHAL
                0x0000b454        0xc ./main.o
 .text.gecko_init
                0x0000b460       0x48 ./main.o
 .text.gecko_cmd_le_gap_set_mode
                0x0000b4a8       0x5c ./main.o
 .text.gecko_cmd_le_gap_set_adv_parameters
                0x0000b504       0x64 ./main.o
 .text.gecko_cmd_le_connection_set_parameters
                0x0000b568       0x84 ./main.o
 .text.gecko_cmd_le_connection_close
                0x0000b5ec       0x50 ./main.o
 .text.gecko_cmd_gatt_server_read_attribute_value
                0x0000b63c       0x5c ./main.o
 .text.gecko_cmd_gatt_server_send_characteristic_notification
                0x0000b698       0x98 ./main.o
 .text.gecko_cmd_hardware_set_soft_timer
                0x0000b730       0x64 ./main.o
 .text.gecko_cmd_hardware_set_lazy_soft_timer
                0x0000b794       0x70 ./main.o
 .text.gecko_cmd_sm_set_bondable_mode
                0x0000b804       0x50 ./main.o
 .text.gecko_cmd_sm_configure
                0x0000b854       0x5c ./main.o
 .text.gecko_cmd_sm_delete_bondings
                0x0000b8b0       0x48 ./main.o
 .text.ADC_Start
                0x0000b8f8       0x1c ./main.o
 .text.main     0x0000b914      0x778 ./main.o
                0x0000b914                main
 .text.configEnablePti
                0x0000c08c       0x48 ./pti.o
                0x0000c08c                configEnablePti
 .text.DISPLAY_Init
                0x0000c0d4       0x54 ./hardware/kit/common/drivers/display.o
                0x0000c0d4                DISPLAY_Init
 .text.DISPLAY_DeviceGet
                0x0000c128       0x60 ./hardware/kit/common/drivers/display.o
                0x0000c128                DISPLAY_DeviceGet
 .text.DISPLAY_DeviceRegister
                0x0000c188       0x6c ./hardware/kit/common/drivers/display.o
                0x0000c188                DISPLAY_DeviceRegister
 .text.DISPLAY_Ls013b7dh03Init
                0x0000c1f4       0xdc ./hardware/kit/common/drivers/displayls013b7dh03.o
                0x0000c1f4                DISPLAY_Ls013b7dh03Init
 .text.DriverRefresh
                0x0000c2d0       0x20 ./hardware/kit/common/drivers/displayls013b7dh03.o
 .text.DisplayEnable
                0x0000c2f0       0x30 ./hardware/kit/common/drivers/displayls013b7dh03.o
 .text.DisplayClear
                0x0000c320       0x48 ./hardware/kit/common/drivers/displayls013b7dh03.o
 .text.DisplayPolarityInverse
                0x0000c368       0x14 ./hardware/kit/common/drivers/displayls013b7dh03.o
 .text.PixelMatrixAllocate
                0x0000c37c       0x70 ./hardware/kit/common/drivers/displayls013b7dh03.o
 .text.PixelMatrixFree
                0x0000c3ec       0x1c ./hardware/kit/common/drivers/displayls013b7dh03.o
 .text.PixelMatrixClear
                0x0000c408       0x40 ./hardware/kit/common/drivers/displayls013b7dh03.o
 .text.PixelMatrixDraw
                0x0000c448       0xb8 ./hardware/kit/common/drivers/displayls013b7dh03.o
 .text.BUS_RegMaskedSet
                0x0000c500       0x24 ./hardware/kit/common/drivers/displaypalemlib.o
 .text.BUS_RegMaskedClear
                0x0000c524       0x24 ./hardware/kit/common/drivers/displaypalemlib.o
 .text.GPIO_PinOutClear
                0x0000c548       0x58 ./hardware/kit/common/drivers/displaypalemlib.o
 .text.GPIO_PinOutSet
                0x0000c5a0       0x58 ./hardware/kit/common/drivers/displaypalemlib.o
 .text.GPIO_PinOutToggle
                0x0000c5f8       0x58 ./hardware/kit/common/drivers/displaypalemlib.o
 .text.PAL_SpiInit
                0x0000c650       0x64 ./hardware/kit/common/drivers/displaypalemlib.o
                0x0000c650                PAL_SpiInit
 .text.PAL_SpiTransmit
                0x0000c6b4       0x74 ./hardware/kit/common/drivers/displaypalemlib.o
                0x0000c6b4                PAL_SpiTransmit
 .text.PAL_TimerInit
                0x0000c728       0x18 ./hardware/kit/common/drivers/displaypalemlib.o
                0x0000c728                PAL_TimerInit
 .text.PAL_TimerMicroSecondsDelay
                0x0000c740       0x1c ./hardware/kit/common/drivers/displaypalemlib.o
                0x0000c740                PAL_TimerMicroSecondsDelay
 .text.PAL_TimerRepeat
                0x0000c75c       0x30 ./hardware/kit/common/drivers/displaypalemlib.o
                0x0000c75c                PAL_TimerRepeat
 .text.PAL_GpioInit
                0x0000c78c       0x20 ./hardware/kit/common/drivers/displaypalemlib.o
                0x0000c78c                PAL_GpioInit
 .text.PAL_GpioPinModeSet
                0x0000c7ac       0x44 ./hardware/kit/common/drivers/displaypalemlib.o
                0x0000c7ac                PAL_GpioPinModeSet
 .text.PAL_GpioPinOutSet
                0x0000c7f0       0x24 ./hardware/kit/common/drivers/displaypalemlib.o
                0x0000c7f0                PAL_GpioPinOutSet
 .text.PAL_GpioPinOutClear
                0x0000c814       0x24 ./hardware/kit/common/drivers/displaypalemlib.o
                0x0000c814                PAL_GpioPinOutClear
 .text.PAL_GpioPinOutToggle
                0x0000c838       0x24 ./hardware/kit/common/drivers/displaypalemlib.o
                0x0000c838                PAL_GpioPinOutToggle
 .text.BUS_RegMaskedSet
                0x0000c85c       0x24 ./hardware/kit/common/drivers/i2cspm.o
 .text.BUS_RegMaskedClear
                0x0000c880       0x24 ./hardware/kit/common/drivers/i2cspm.o
 .text.GPIO_PinOutClear
                0x0000c8a4       0x58 ./hardware/kit/common/drivers/i2cspm.o
 .text.GPIO_PinOutSet
                0x0000c8fc       0x58 ./hardware/kit/common/drivers/i2cspm.o
 .text.I2CSPM_Init
                0x0000c954       0xf0 ./hardware/kit/common/drivers/i2cspm.o
                0x0000c954                I2CSPM_Init
 .text.BUS_RegMaskedSet
                0x0000ca44       0x24 ./hardware/kit/common/drivers/mx25flash_spi.o
 .text.BUS_RegMaskedClear
                0x0000ca68       0x24 ./hardware/kit/common/drivers/mx25flash_spi.o
 .text.GPIO_PinOutClear
                0x0000ca8c       0x58 ./hardware/kit/common/drivers/mx25flash_spi.o
 .text.GPIO_PinOutSet
                0x0000cae4       0x58 ./hardware/kit/common/drivers/mx25flash_spi.o
 .text.MX25_init
                0x0000cb3c       0x98 ./hardware/kit/common/drivers/mx25flash_spi.o
                0x0000cb3c                MX25_init
 .text.Wait_Flash_WarmUp
                0x0000cbd4       0x24 ./hardware/kit/common/drivers/mx25flash_spi.o
                0x0000cbd4                Wait_Flash_WarmUp
 .text.Initial_Spi
                0x0000cbf8        0xc ./hardware/kit/common/drivers/mx25flash_spi.o
                0x0000cbf8                Initial_Spi
 .text.CS_Low   0x0000cc04       0x10 ./hardware/kit/common/drivers/mx25flash_spi.o
                0x0000cc04                CS_Low
 .text.CS_High  0x0000cc14       0x10 ./hardware/kit/common/drivers/mx25flash_spi.o
                0x0000cc14                CS_High
 .text.InsertDummyCycle
                0x0000cc24       0x38 ./hardware/kit/common/drivers/mx25flash_spi.o
                0x0000cc24                InsertDummyCycle
 .text.SendByte
                0x0000cc5c       0x3c ./hardware/kit/common/drivers/mx25flash_spi.o
                0x0000cc5c                SendByte
 .text.MX25_DP  0x0000cc98       0x34 ./hardware/kit/common/drivers/mx25flash_spi.o
                0x0000cc98                MX25_DP
 .text.NVIC_ClearPendingIRQ
                0x0000cccc       0x34 ./hardware/kit/common/drivers/udelay.o
 .text.RTCC_CounterGet
                0x0000cd00       0x18 ./hardware/kit/common/drivers/udelay.o
 .text.UDELAY_Calibrate
                0x0000cd18      0x190 ./hardware/kit/common/drivers/udelay.o
                0x0000cd18                UDELAY_Calibrate
 .text.UDELAY_Delay
                0x0000cea8       0x38 ./hardware/kit/common/drivers/udelay.o
                0x0000cea8                UDELAY_Delay
 .text.calibrate_delay
                0x0000cee0       0xd8 ./hardware/kit/common/drivers/udelay.o
 .text.clock    0x0000cfb8       0x10 ./hardware/kit/common/drivers/udelay.o
 .text._delay   0x0000cfc8       0x18 ./hardware/kit/common/drivers/udelay.o
 .text.Reset_Handler
                0x0000cfe0       0x3c ./platform/Device/SiliconLabs/EFR32BG13P/Source/GCC/startup_efr32bg13p.o
                0x0000cfe0                Reset_Handler
 .text.Default_Handler
                0x0000d01c        0x8 ./platform/Device/SiliconLabs/EFR32BG13P/Source/GCC/startup_efr32bg13p.o
                0x0000d01c                DebugMon_Handler
                0x0000d01c                USART0_TX_IRQHandler
                0x0000d01c                I2C0_IRQHandler
                0x0000d01c                HardFault_Handler
                0x0000d01c                SysTick_Handler
                0x0000d01c                USART1_RX_IRQHandler
                0x0000d01c                PendSV_Handler
                0x0000d01c                NMI_Handler
                0x0000d01c                I2C1_IRQHandler
                0x0000d01c                WTIMER0_IRQHandler
                0x0000d01c                CRYPTO0_IRQHandler
                0x0000d01c                WDOG0_IRQHandler
                0x0000d01c                USART1_TX_IRQHandler
                0x0000d01c                SMU_IRQHandler
                0x0000d01c                MSC_IRQHandler
                0x0000d01c                UsageFault_Handler
                0x0000d01c                WDOG1_IRQHandler
                0x0000d01c                LEUART0_IRQHandler
                0x0000d01c                FPUEH_IRQHandler
                0x0000d01c                GPIO_EVEN_IRQHandler
                0x0000d01c                VDAC0_IRQHandler
                0x0000d01c                LDMA_IRQHandler
                0x0000d01c                CSEN_IRQHandler
                0x0000d01c                CRYPTO1_IRQHandler
                0x0000d01c                TIMER0_IRQHandler
                0x0000d01c                LETIMER0_IRQHandler
                0x0000d01c                TIMER1_IRQHandler
                0x0000d01c                TRNG0_IRQHandler
                0x0000d01c                USART2_RX_IRQHandler
                0x0000d01c                Default_Handler
                0x0000d01c                CRYOTIMER_IRQHandler
                0x0000d01c                PCNT0_IRQHandler
                0x0000d01c                ACMP0_IRQHandler
                0x0000d01c                USART0_RX_IRQHandler
                0x0000d01c                MemManage_Handler
                0x0000d01c                SVC_Handler
                0x0000d01c                RTCC_IRQHandler
                0x0000d01c                CMU_IRQHandler
                0x0000d01c                LESENSE_IRQHandler
                0x0000d01c                GPIO_ODD_IRQHandler
                0x0000d01c                BusFault_Handler
                0x0000d01c                USART2_TX_IRQHandler
                0x0000d01c                IDAC0_IRQHandler
 .text.SystemCoreClockGet
                0x0000d024       0x44 ./platform/Device/SiliconLabs/EFR32BG13P/Source/system_efr32bg13p.o
                0x0000d024                SystemCoreClockGet
 .text.SystemMaxCoreClockGet
                0x0000d068       0x14 ./platform/Device/SiliconLabs/EFR32BG13P/Source/system_efr32bg13p.o
                0x0000d068                SystemMaxCoreClockGet
 .text.SystemHFClockGet
                0x0000d07c       0x70 ./platform/Device/SiliconLabs/EFR32BG13P/Source/system_efr32bg13p.o
                0x0000d07c                SystemHFClockGet
 .text.SystemHFXOClockGet
                0x0000d0ec       0x18 ./platform/Device/SiliconLabs/EFR32BG13P/Source/system_efr32bg13p.o
                0x0000d0ec                SystemHFXOClockGet
 .text.SystemHFXOClockSet
                0x0000d104       0x30 ./platform/Device/SiliconLabs/EFR32BG13P/Source/system_efr32bg13p.o
                0x0000d104                SystemHFXOClockSet
 .text.SystemInit
                0x0000d134       0x20 ./platform/Device/SiliconLabs/EFR32BG13P/Source/system_efr32bg13p.o
                0x0000d134                SystemInit
 .text.SystemLFRCOClockGet
                0x0000d154       0x14 ./platform/Device/SiliconLabs/EFR32BG13P/Source/system_efr32bg13p.o
                0x0000d154                SystemLFRCOClockGet
 .text.SystemULFRCOClockGet
                0x0000d168       0x14 ./platform/Device/SiliconLabs/EFR32BG13P/Source/system_efr32bg13p.o
                0x0000d168                SystemULFRCOClockGet
 .text.SystemLFXOClockGet
                0x0000d17c       0x18 ./platform/Device/SiliconLabs/EFR32BG13P/Source/system_efr32bg13p.o
                0x0000d17c                SystemLFXOClockGet
 .text.SystemLFXOClockSet
                0x0000d194       0x30 ./platform/Device/SiliconLabs/EFR32BG13P/Source/system_efr32bg13p.o
                0x0000d194                SystemLFXOClockSet
 .text.BUS_RegBitWrite
                0x0000d1c4       0x2c ./platform/emdrv/sleep/src/sleep.o
 .text.EMU_EnterEM1
                0x0000d1f0       0x20 ./platform/emdrv/sleep/src/sleep.o
 .text.EMU_EM2Block
                0x0000d210       0x14 ./platform/emdrv/sleep/src/sleep.o
 .text.EMU_EM2UnBlock
                0x0000d224       0x14 ./platform/emdrv/sleep/src/sleep.o
 .text.sleepCallbackWrapper
                0x0000d238       0x2c ./platform/emdrv/sleep/src/sleep.o
 .text.SLEEP_Init
                0x0000d264       0x60 ./platform/emdrv/sleep/src/sleep.o
                0x0000d264                SLEEP_Init
 .text.SLEEP_Sleep
                0x0000d2c4       0x90 ./platform/emdrv/sleep/src/sleep.o
                0x0000d2c4                SLEEP_Sleep
 .text.SLEEP_SleepBlockBegin
                0x0000d354       0x48 ./platform/emdrv/sleep/src/sleep.o
                0x0000d354                SLEEP_SleepBlockBegin
 .text.SLEEP_SleepBlockEnd
                0x0000d39c       0x58 ./platform/emdrv/sleep/src/sleep.o
                0x0000d39c                SLEEP_SleepBlockEnd
 .text.SLEEP_LowestEnergyModeGet
                0x0000d3f4       0x40 ./platform/emdrv/sleep/src/sleep.o
                0x0000d3f4                SLEEP_LowestEnergyModeGet
 .text.enterEMx
                0x0000d434       0xa0 ./platform/emdrv/sleep/src/sleep.o
 .text.NVIC_EnableIRQ
                0x0000d4d4       0x30 ./platform/emdrv/tempdrv/src/tempdrv.o
 .text.NVIC_ClearPendingIRQ
                0x0000d504       0x34 ./platform/emdrv/tempdrv/src/tempdrv.o
 .text.EMU_IntClear
                0x0000d538       0x1c ./platform/emdrv/tempdrv/src/tempdrv.o
 .text.EMU_IntDisable
                0x0000d554       0x24 ./platform/emdrv/tempdrv/src/tempdrv.o
 .text.EMU_IntEnable
                0x0000d578       0x24 ./platform/emdrv/tempdrv/src/tempdrv.o
 .text.EMU_IntGetEnabled
                0x0000d59c       0x24 ./platform/emdrv/tempdrv/src/tempdrv.o
 .text.EMU_IRQHandler
                0x0000d5c0        0xc ./platform/emdrv/tempdrv/src/tempdrv.o
                0x0000d5c0                EMU_IRQHandler
 .text.TEMPDRV_IRQHandler
                0x0000d5cc       0xa0 ./platform/emdrv/tempdrv/src/tempdrv.o
                0x0000d5cc                TEMPDRV_IRQHandler
 .text.convertToTemp
                0x0000d66c       0x58 ./platform/emdrv/tempdrv/src/tempdrv.o
 .text.disableInterrupts
                0x0000d6c4       0x18 ./platform/emdrv/tempdrv/src/tempdrv.o
 .text.updateInterrupts
                0x0000d6dc      0x140 ./platform/emdrv/tempdrv/src/tempdrv.o
 .text.TEMPDRV_Init
                0x0000d81c       0xd0 ./platform/emdrv/tempdrv/src/tempdrv.o
                0x0000d81c                TEMPDRV_Init
 .text.TEMPDRV_GetTemp
                0x0000d8ec       0x1c ./platform/emdrv/tempdrv/src/tempdrv.o
                0x0000d8ec                TEMPDRV_GetTemp
 .text.BUS_RegBitWrite
                0x0000d908       0x2c ./platform/emlib/src/em_adc.o
 .text.BUS_RegMaskedSet
                0x0000d934       0x24 ./platform/emlib/src/em_adc.o
 .text.BUS_RegMaskedClear
                0x0000d958       0x24 ./platform/emlib/src/em_adc.o
 .text.BUS_RegMaskedWrite
                0x0000d97c       0x24 ./platform/emlib/src/em_adc.o
 .text.ADC_LoadDevinfoCal
                0x0000d9a0      0x1bc ./platform/emlib/src/em_adc.o
 .text.ADC_Init
                0x0000db5c       0xa0 ./platform/emlib/src/em_adc.o
                0x0000db5c                ADC_Init
 .text.ADC_ScanSingleEndedInputAdd
                0x0000dbfc       0x98 ./platform/emlib/src/em_adc.o
                0x0000dbfc                ADC_ScanSingleEndedInputAdd
 .text.ADC_InitScan
                0x0000dc94      0x110 ./platform/emlib/src/em_adc.o
                0x0000dc94                ADC_InitScan
 .text.ADC_PrescaleCalc
                0x0000dda4       0x70 ./platform/emlib/src/em_adc.o
                0x0000dda4                ADC_PrescaleCalc
 .text.ADC_Reset
                0x0000de14       0x98 ./platform/emlib/src/em_adc.o
                0x0000de14                ADC_Reset
 .text.ADC_TimebaseCalc
                0x0000deac       0x50 ./platform/emlib/src/em_adc.o
                0x0000deac                ADC_TimebaseCalc
 .text.BUS_RegBitWrite
                0x0000defc       0x2c ./platform/emlib/src/em_cmu.o
 .text.BUS_RegBitRead
                0x0000df28       0x2c ./platform/emlib/src/em_cmu.o
 .text.BUS_RegMaskedSet
                0x0000df54       0x24 ./platform/emlib/src/em_cmu.o
 .text.BUS_RegMaskedClear
                0x0000df78       0x24 ./platform/emlib/src/em_cmu.o
 .text.BUS_RegMaskedWrite
                0x0000df9c       0x24 ./platform/emlib/src/em_cmu.o
 .text.CMU_Log2ToDiv
                0x0000dfc0       0x1c ./platform/emlib/src/em_cmu.o
 .text.CMU_PrescToLog2
                0x0000dfdc       0x28 ./platform/emlib/src/em_cmu.o
 .text.EMU_VScaleWait
                0x0000e004       0x1c ./platform/emlib/src/em_cmu.o
 .text.EMU_VScaleGet
                0x0000e020       0x1c ./platform/emlib/src/em_cmu.o
 .text.setHfLeConfig
                0x0000e03c       0x64 ./platform/emlib/src/em_cmu.o
 .text.auxClkGet
                0x0000e0a0       0x20 ./platform/emlib/src/em_cmu.o
 .text.hfSrcClkGet
                0x0000e0c0       0x2c ./platform/emlib/src/em_cmu.o
 .text.dbgClkGet
                0x0000e0ec       0x40 ./platform/emlib/src/em_cmu.o
 .text.adcAsyncClkGet
                0x0000e12c       0x80 ./platform/emlib/src/em_cmu.o
 .text.flashWaitStateControl
                0x0000e1ac       0xac ./platform/emlib/src/em_cmu.o
 .text.flashWaitStateMax
                0x0000e258       0x14 ./platform/emlib/src/em_cmu.o
 .text.CMU_UpdateWaitStates
                0x0000e26c       0x18 ./platform/emlib/src/em_cmu.o
                0x0000e26c                CMU_UpdateWaitStates
 .text.getRegIshUpperVal
                0x0000e284       0x38 ./platform/emlib/src/em_cmu.o
 .text.getHfxoTuningMode
                0x0000e2bc       0x1c ./platform/emlib/src/em_cmu.o
 .text.setHfxoTuningMode
                0x0000e2d8       0x28 ./platform/emlib/src/em_cmu.o
 .text.lfClkGet
                0x0000e300      0x100 ./platform/emlib/src/em_cmu.o
 .text.syncReg  0x0000e400       0x38 ./platform/emlib/src/em_cmu.o
 .text.CMU_ClockDivGet
                0x0000e438       0x1c ./platform/emlib/src/em_cmu.o
                0x0000e438                CMU_ClockDivGet
 .text.CMU_ClockDivSet
                0x0000e454       0x1c ./platform/emlib/src/em_cmu.o
                0x0000e454                CMU_ClockDivSet
 .text.CMU_ClockEnable
                0x0000e470       0xcc ./platform/emlib/src/em_cmu.o
                0x0000e470                CMU_ClockEnable
 .text.CMU_ClockFreqGet
                0x0000e53c      0x1f8 ./platform/emlib/src/em_cmu.o
                0x0000e53c                CMU_ClockFreqGet
 .text.CMU_ClockPrescGet
                0x0000e734      0x178 ./platform/emlib/src/em_cmu.o
                0x0000e734                CMU_ClockPrescGet
 .text.CMU_ClockPrescSet
                0x0000e8ac      0x260 ./platform/emlib/src/em_cmu.o
                0x0000e8ac                CMU_ClockPrescSet
 .text.CMU_ClockSelectGet
                0x0000eb0c      0x1dc ./platform/emlib/src/em_cmu.o
                0x0000eb0c                CMU_ClockSelectGet
 .text.CMU_ClockSelectSet
                0x0000ece8      0x2e0 ./platform/emlib/src/em_cmu.o
                0x0000ece8                CMU_ClockSelectSet
 .text.CMU_HFRCODevinfoGet
                0x0000efc8       0xdc ./platform/emlib/src/em_cmu.o
 .text.CMU_HFRCOBandGet
                0x0000f0a4       0x18 ./platform/emlib/src/em_cmu.o
                0x0000f0a4                CMU_HFRCOBandGet
 .text.CMU_HFRCOBandSet
                0x0000f0bc      0x110 ./platform/emlib/src/em_cmu.o
                0x0000f0bc                CMU_HFRCOBandSet
 .text.CMU_HFXOAutostartEnable
                0x0000f1cc       0x84 ./platform/emlib/src/em_cmu.o
                0x0000f1cc                CMU_HFXOAutostartEnable
 .text.CMU_HFXOInit
                0x0000f250       0xe4 ./platform/emlib/src/em_cmu.o
                0x0000f250                CMU_HFXOInit
 .text.CMU_LFXOInit
                0x0000f334       0x50 ./platform/emlib/src/em_cmu.o
                0x0000f334                CMU_LFXOInit
 .text.CMU_OscillatorEnable
                0x0000f384      0x19c ./platform/emlib/src/em_cmu.o
                0x0000f384                CMU_OscillatorEnable
 .text.CMU_OscillatorTuningGet
                0x0000f520       0x74 ./platform/emlib/src/em_cmu.o
                0x0000f520                CMU_OscillatorTuningGet
 .text.CMU_OscillatorTuningSet
                0x0000f594      0x100 ./platform/emlib/src/em_cmu.o
                0x0000f594                CMU_OscillatorTuningSet
 .text.CMU_OscillatorTuningWait
                0x0000f694       0x94 ./platform/emlib/src/em_cmu.o
                0x0000f694                CMU_OscillatorTuningWait
 .text.CMU_OscillatorTuningOptimize
                0x0000f728       0x58 ./platform/emlib/src/em_cmu.o
                0x0000f728                CMU_OscillatorTuningOptimize
 .text.CORE_EnterCritical
                0x0000f780       0x20 ./platform/emlib/src/em_core.o
                0x0000f780                CORE_EnterCritical
 .text.CORE_ExitCritical
                0x0000f7a0       0x1c ./platform/emlib/src/em_core.o
                0x0000f7a0                CORE_ExitCritical
 .text.CORE_AtomicDisableIrq
                0x0000f7bc       0x10 ./platform/emlib/src/em_core.o
                0x0000f7bc                CORE_AtomicDisableIrq
 .text.CORE_AtomicEnableIrq
                0x0000f7cc       0x10 ./platform/emlib/src/em_core.o
                0x0000f7cc                CORE_AtomicEnableIrq
 .text.CORE_EnterAtomic
                0x0000f7dc       0x20 ./platform/emlib/src/em_core.o
                0x0000f7dc                CORE_EnterAtomic
 .text.CORE_ExitAtomic
                0x0000f7fc       0x1c ./platform/emlib/src/em_core.o
                0x0000f7fc                CORE_ExitAtomic
 .text.CORE_SetNvicRamTableHandler
                0x0000f818       0x44 ./platform/emlib/src/em_core.o
                0x0000f818                CORE_SetNvicRamTableHandler
 .text.CORE_InitNvicVectorTable
                0x0000f85c       0xc8 ./platform/emlib/src/em_core.o
                0x0000f85c                CORE_InitNvicVectorTable
 .text.CRYPTO_BurstFromCrypto
                0x0000f924       0x40 ./platform/emlib/src/em_crypto.o
 .text.CRYPTO_ModulusSet
                0x0000f964       0x88 ./platform/emlib/src/em_crypto.o
                0x0000f964                CRYPTO_ModulusSet
 .text.CRYPTO_KeyRead
                0x0000f9ec       0x38 ./platform/emlib/src/em_crypto.o
                0x0000f9ec                CRYPTO_KeyRead
 .text.SystemCoreClockUpdate
                0x0000fa24        0xc ./platform/emlib/src/em_emu.o
 .text.BUS_RegBitWrite
                0x0000fa30       0x2c ./platform/emlib/src/em_emu.o
 .text.BUS_RegBitRead
                0x0000fa5c       0x2c ./platform/emlib/src/em_emu.o
 .text.EMU_VScaleWait
                0x0000fa88       0x1c ./platform/emlib/src/em_emu.o
 .text.EMU_VScaleGet
                0x0000faa4       0x1c ./platform/emlib/src/em_emu.o
 .text.EMU_IntClear
                0x0000fac0       0x1c ./platform/emlib/src/em_emu.o
 .text.EMU_IntGet
                0x0000fadc       0x18 ./platform/emlib/src/em_emu.o
 .text.EMU_Unlock
                0x0000faf4       0x18 ./platform/emlib/src/em_emu.o
 .text.CMU_Lock
                0x0000fb0c       0x18 ./platform/emlib/src/em_emu.o
 .text.CMU_Unlock
                0x0000fb24       0x1c ./platform/emlib/src/em_emu.o
 .text.vScaleEM01Cmd
                0x0000fb40       0x24 ./platform/emlib/src/em_emu.o
 .text.emState  0x0000fb64       0xfc ./platform/emlib/src/em_emu.o
 .text.vScaleDownEM23Setup
                0x0000fc60       0x70 ./platform/emlib/src/em_emu.o
 .text.EMU_EnterEM2
                0x0000fcd0       0x44 ./platform/emlib/src/em_emu.o
                0x0000fcd0                EMU_EnterEM2
 .text.EMU_EnterEM3
                0x0000fd14       0x6c ./platform/emlib/src/em_emu.o
                0x0000fd14                EMU_EnterEM3
 .text.EMU_Save
                0x0000fd80        0xc ./platform/emlib/src/em_emu.o
                0x0000fd80                EMU_Save
 .text.EMU_Restore
                0x0000fd8c        0xc ./platform/emlib/src/em_emu.o
                0x0000fd8c                EMU_Restore
 .text.EMU_EnterEM4
                0x0000fd98       0x78 ./platform/emlib/src/em_emu.o
                0x0000fd98                EMU_EnterEM4
 .text.EMU_VScaleEM01ByClock
                0x0000fe10       0x70 ./platform/emlib/src/em_emu.o
                0x0000fe10                EMU_VScaleEM01ByClock
 .text.EMU_VScaleEM01
                0x0000fe80       0x84 ./platform/emlib/src/em_emu.o
                0x0000fe80                EMU_VScaleEM01
 .text.EMU_EM01Init
                0x0000ff04       0x24 ./platform/emlib/src/em_emu.o
                0x0000ff04                EMU_EM01Init
 .text.EMU_EM23Init
                0x0000ff28       0x2c ./platform/emlib/src/em_emu.o
                0x0000ff28                EMU_EM23Init
 .text.dcdcConstCalibrationLoad
                0x0000ff54       0x10 ./platform/emlib/src/em_emu.o
 .text.dcdcValidatedConfigSet
                0x0000ff64       0x40 ./platform/emlib/src/em_emu.o
 .text.currentLimitersUpdate
                0x0000ffa4       0xe4 ./platform/emlib/src/em_emu.o
 .text.userCurrentLimitsSet
                0x00010088       0x2c ./platform/emlib/src/em_emu.o
 .text.compCtrlSet
                0x000100b4       0x3c ./platform/emlib/src/em_emu.o
 .text.lpCmpHystCalibrationLoad
                0x000100f0       0xd4 ./platform/emlib/src/em_emu.o
 .text.lpGetDevinfoVrefLowHigh
                0x000101c4      0x164 ./platform/emlib/src/em_emu.o
 .text.EMU_DCDCModeSet
                0x00010328       0xf0 ./platform/emlib/src/em_emu.o
                0x00010328                EMU_DCDCModeSet
 .text.EMU_DCDCInit
                0x00010418      0x120 ./platform/emlib/src/em_emu.o
                0x00010418                EMU_DCDCInit
 .text.EMU_DCDCOutputVoltageSet
                0x00010538      0x2cc ./platform/emlib/src/em_emu.o
                0x00010538                EMU_DCDCOutputVoltageSet
 .text.EMU_DCDCOptimizeSlice
                0x00010804       0xd8 ./platform/emlib/src/em_emu.o
                0x00010804                EMU_DCDCOptimizeSlice
 .text.EMU_DCDCLnRcoBandSet
                0x000108dc       0x54 ./platform/emlib/src/em_emu.o
                0x000108dc                EMU_DCDCLnRcoBandSet
 .text.BUS_RegMaskedSet
                0x00010930       0x24 ./platform/emlib/src/em_gpio.o
 .text.BUS_RegMaskedClear
                0x00010954       0x24 ./platform/emlib/src/em_gpio.o
 .text.BUS_RegMaskedWrite
                0x00010978       0x24 ./platform/emlib/src/em_gpio.o
 .text.GPIO_PinOutClear
                0x0001099c       0x58 ./platform/emlib/src/em_gpio.o
 .text.GPIO_PinOutSet
                0x000109f4       0x58 ./platform/emlib/src/em_gpio.o
 .text.GPIO_DriveStrengthSet
                0x00010a4c       0x60 ./platform/emlib/src/em_gpio.o
                0x00010a4c                GPIO_DriveStrengthSet
 .text.GPIO_PinModeSet
                0x00010aac      0x10c ./platform/emlib/src/em_gpio.o
                0x00010aac                GPIO_PinModeSet
 .text.BUS_RegBitWrite
                0x00010bb8       0x2c ./platform/emlib/src/em_i2c.o
 .text.BUS_RegMaskedSet
                0x00010be4       0x24 ./platform/emlib/src/em_i2c.o
 .text.BUS_RegMaskedClear
                0x00010c08       0x24 ./platform/emlib/src/em_i2c.o
 .text.BUS_RegMaskedWrite
                0x00010c2c       0x24 ./platform/emlib/src/em_i2c.o
 .text.I2C_BusFreqSet
                0x00010c50       0xf8 ./platform/emlib/src/em_i2c.o
                0x00010c50                I2C_BusFreqSet
 .text.I2C_Init
                0x00010d48       0x78 ./platform/emlib/src/em_i2c.o
                0x00010d48                I2C_Init
 .text.LETIMER_CompareSet
                0x00010dc0       0x58 ./platform/emlib/src/em_letimer.o
                0x00010dc0                LETIMER_CompareSet
 .text.LETIMER_Enable
                0x00010e18       0x2c ./platform/emlib/src/em_letimer.o
                0x00010e18                LETIMER_Enable
 .text.LETIMER_Init
                0x00010e44       0xd0 ./platform/emlib/src/em_letimer.o
                0x00010e44                LETIMER_Init
 .text.MSC_Init
                0x00010f14       0x30 ./platform/emlib/src/em_msc.o
                0x00010f14                MSC_Init
 .text.MSC_Deinit
                0x00010f44       0x24 ./platform/emlib/src/em_msc.o
                0x00010f44                MSC_Deinit
 .text.RMU_ResetCauseClear
                0x00010f68       0x18 ./platform/emlib/src/em_rmu.o
                0x00010f68                RMU_ResetCauseClear
 .text.RMU_ResetCauseGet
                0x00010f80       0xb0 ./platform/emlib/src/em_rmu.o
                0x00010f80                RMU_ResetCauseGet
 .text.BUS_RegBitWrite
                0x00011030       0x2c ./platform/emlib/src/em_rtcc.o
 .text.RTCC_Enable
                0x0001105c       0x20 ./platform/emlib/src/em_rtcc.o
                0x0001105c                RTCC_Enable
 .text.RTCC_Init
                0x0001107c       0x94 ./platform/emlib/src/em_rtcc.o
                0x0001107c                RTCC_Init
 .text.SYSTEM_ChipRevisionGet
                0x00011110       0x78 ./platform/emlib/src/em_system.o
                0x00011110                SYSTEM_ChipRevisionGet
 .text.USART_BaudrateSyncSet
                0x00011188       0x40 ./platform/emlib/src/em_usart.o
                0x00011188                USART_BaudrateSyncSet
 .text.USART_InitSync
                0x000111c8       0xfc ./platform/emlib/src/em_usart.o
                0x000111c8                USART_InitSync
 .text.USART_Reset
                0x000112c4       0xb0 ./platform/emlib/src/em_usart.o
                0x000112c4                USART_Reset
 .text.USART_SpiTransfer
                0x00011374       0x40 ./platform/emlib/src/em_usart.o
                0x00011374                USART_SpiTransfer
 .text.USART_Tx
                0x000113b4       0x2c ./platform/emlib/src/em_usart.o
                0x000113b4                USART_Tx
 .text.USART_TxDouble
                0x000113e0       0x2c ./platform/emlib/src/em_usart.o
                0x000113e0                USART_TxDouble
 .text.DMD_init
                0x0001140c       0xc8 ./platform/middleware/glib/dmd/display/dmd_display.o
                0x0001140c                DMD_init
 .text.DMD_getDisplayGeometry
                0x000114d4       0x38 ./platform/middleware/glib/dmd/display/dmd_display.o
                0x000114d4                DMD_getDisplayGeometry
 .text.DMD_setClippingArea
                0x0001150c       0x8c ./platform/middleware/glib/dmd/display/dmd_display.o
                0x0001150c                DMD_setClippingArea
 .text.DMD_writeColor
                0x00011598      0x2b4 ./platform/middleware/glib/dmd/display/dmd_display.o
                0x00011598                DMD_writeColor
 .text.DMD_sleep
                0x0001184c       0x18 ./platform/middleware/glib/dmd/display/dmd_display.o
                0x0001184c                DMD_sleep
 .text.DMD_wakeUp
                0x00011864       0x18 ./platform/middleware/glib/dmd/display/dmd_display.o
                0x00011864                DMD_wakeUp
 .text.DMD_allocateFramebuffer
                0x0001187c       0x54 ./platform/middleware/glib/dmd/display/dmd_display.o
                0x0001187c                DMD_allocateFramebuffer
 .text.DMD_updateDisplay
                0x000118d0      0x114 ./platform/middleware/glib/dmd/display/dmd_display.o
                0x000118d0                DMD_updateDisplay
 .text.GLIB_colorTranslate24bppInl
                0x000119e4       0x34 ./platform/middleware/glib/glib/glib.o
 .text.GLIB_contextInit
                0x00011a18       0x84 ./platform/middleware/glib/glib/glib.o
                0x00011a18                GLIB_contextInit
 .text.GLIB_setClippingRegion
                0x00011a9c       0xa4 ./platform/middleware/glib/glib/glib.o
                0x00011a9c                GLIB_setClippingRegion
 .text.GLIB_clear
                0x00011b40       0x70 ./platform/middleware/glib/glib/glib.o
                0x00011b40                GLIB_clear
 .text.GLIB_resetDisplayClippingArea
                0x00011bb0       0x30 ./platform/middleware/glib/glib/glib.o
                0x00011bb0                GLIB_resetDisplayClippingArea
 .text.GLIB_applyClippingRegion
                0x00011be0       0x58 ./platform/middleware/glib/glib/glib.o
                0x00011be0                GLIB_applyClippingRegion
 .text.GLIB_colorTranslate24bpp
                0x00011c38       0x20 ./platform/middleware/glib/glib/glib.o
                0x00011c38                GLIB_colorTranslate24bpp
 .text.GLIB_drawPixel
                0x00011c58       0x6c ./platform/middleware/glib/glib/glib.o
                0x00011c58                GLIB_drawPixel
 .text.GLIB_drawPixelColor
                0x00011cc4       0x6c ./platform/middleware/glib/glib/glib.o
                0x00011cc4                GLIB_drawPixelColor
 .text.GLIB_rectContainsPoint
                0x00011d30       0x4c ./platform/middleware/glib/glib/glib_rectangle.o
                0x00011d30                GLIB_rectContainsPoint
 .text.GLIB_drawChar
                0x00011d7c      0x1d8 ./platform/middleware/glib/glib/glib_string.o
                0x00011d7c                GLIB_drawChar
 .text.GLIB_drawString
                0x00011f54       0xd0 ./platform/middleware/glib/glib/glib_string.o
                0x00011f54                GLIB_drawString
 .text.GLIB_setFont
                0x00012024       0x44 ./platform/middleware/glib/glib/glib_string.o
                0x00012024                GLIB_setFont
 .text.register_message_handler
                0x00012068        0xc /home/mehdi/SimplicityStudio/v4_workspace/BARK_v2/protocol/bluetooth_2.7/lib/EFR32BG13P/GCC/libbluetooth.a(bgapi.c.obj)
                0x00012068                register_message_handler
 .text.bgapi_gap_set_legacy_mode
                0x00012074       0x1c /home/mehdi/SimplicityStudio/v4_workspace/BARK_v2/protocol/bluetooth_2.7/lib/EFR32BG13P/GCC/libbluetooth.a(bgapi.c.obj)
                0x00012074                bgapi_gap_set_legacy_mode
 .text.bgapi_ubt_listener
                0x00012090      0x3e8 /home/mehdi/SimplicityStudio/v4_workspace/BARK_v2/protocol/bluetooth_2.7/lib/EFR32BG13P/GCC/libbluetooth.a(bgapi.c.obj)
                0x00012090                bgapi_ubt_listener
 .text.bgapi_init
                0x00012478       0x10 /home/mehdi/SimplicityStudio/v4_workspace/BARK_v2/protocol/bluetooth_2.7/lib/EFR32BG13P/GCC/libbluetooth.a(bgapi.c.obj)
                0x00012478                bgapi_init
 .text.bgapi_buffer_init
                0x00012488       0x30 /home/mehdi/SimplicityStudio/v4_workspace/BARK_v2/protocol/bluetooth_2.7/lib/EFR32BG13P/GCC/libbluetooth.a(bgapi.c.obj)
                0x00012488                bgapi_buffer_init
 .text.lib_le_gap_handler_init
                0x000124b8        0x2 /home/mehdi/SimplicityStudio/v4_workspace/BARK_v2/protocol/bluetooth_2.7/lib/EFR32BG13P/GCC/libbluetooth.a(bgapi_gap.c.obj)
                0x000124b8                lib_le_gap_handler_init
 *fill*         0x000124ba        0x2 
 .text.sli_bt_cmd_le_gap_set_mode
                0x000124bc       0x48 /home/mehdi/SimplicityStudio/v4_workspace/BARK_v2/protocol/bluetooth_2.7/lib/EFR32BG13P/GCC/libbluetooth.a(bgapi_gap.c.obj)
                0x000124bc                sli_bt_cmd_le_gap_set_mode
 .text.sli_bt_cmd_le_gap_set_adv_parameters
                0x00012504       0x34 /home/mehdi/SimplicityStudio/v4_workspace/BARK_v2/protocol/bluetooth_2.7/lib/EFR32BG13P/GCC/libbluetooth.a(bgapi_gap.c.obj)
                0x00012504                sli_bt_cmd_le_gap_set_adv_parameters
 .text.bgapi_gatt_listener
                0x00012538      0x27c /home/mehdi/SimplicityStudio/v4_workspace/BARK_v2/protocol/bluetooth_2.7/lib/EFR32BG13P/GCC/libbluetooth.a(bgapi_gatt.c.obj)
                0x00012538                bgapi_gatt_listener
 .text.lib_gatt_handler_init
                0x000127b4        0x4 /home/mehdi/SimplicityStudio/v4_workspace/BARK_v2/protocol/bluetooth_2.7/lib/EFR32BG13P/GCC/libbluetooth.a(bgapi_gatt_lib.c.obj)
                0x000127b4                lib_gatt_handler_init
 .text.lib_gatt_server_handler_init
                0x000127b8        0x2 /home/mehdi/SimplicityStudio/v4_workspace/BARK_v2/protocol/bluetooth_2.7/lib/EFR32BG13P/GCC/libbluetooth.a(bgapi_gatt_lib.c.obj)
                0x000127b8                lib_gatt_server_handler_init
 *fill*         0x000127ba        0x2 
 .text.sli_bt_cmd_gatt_server_read_attribute_value
                0x000127bc       0x4c /home/mehdi/SimplicityStudio/v4_workspace/BARK_v2/protocol/bluetooth_2.7/lib/EFR32BG13P/GCC/libbluetooth.a(bgapi_gatt_lib.c.obj)
                0x000127bc                sli_bt_cmd_gatt_server_read_attribute_value
 .text.sli_bt_cmd_gatt_server_send_characteristic_notification
                0x00012808       0x44 /home/mehdi/SimplicityStudio/v4_workspace/BARK_v2/protocol/bluetooth_2.7/lib/EFR32BG13P/GCC/libbluetooth.a(bgapi_gatt_lib.c.obj)
                0x00012808                sli_bt_cmd_gatt_server_send_characteristic_notification
 .text.handle_timer_command.part.1
                0x0001284c       0x70 /home/mehdi/SimplicityStudio/v4_workspace/BARK_v2/protocol/bluetooth_2.7/lib/EFR32BG13P/GCC/libbluetooth.a(bgapi_hardware.c.obj)
 .text.bgapi_hardware_soft_timer_listener
                0x000128bc       0x5c /home/mehdi/SimplicityStudio/v4_workspace/BARK_v2/protocol/bluetooth_2.7/lib/EFR32BG13P/GCC/libbluetooth.a(bgapi_hardware.c.obj)
                0x000128bc                bgapi_hardware_soft_timer_listener
 .text.lib_hardware_handler_init
                0x00012918       0x14 /home/mehdi/SimplicityStudio/v4_workspace/BARK_v2/protocol/bluetooth_2.7/lib/EFR32BG13P/GCC/libbluetooth.a(bgapi_hardware.c.obj)
                0x00012918                lib_hardware_handler_init
 .text.sli_bt_cmd_hardware_set_soft_timer
                0x0001292c       0x40 /home/mehdi/SimplicityStudio/v4_workspace/BARK_v2/protocol/bluetooth_2.7/lib/EFR32BG13P/GCC/libbluetooth.a(bgapi_hardware.c.obj)
                0x0001292c                sli_bt_cmd_hardware_set_soft_timer
 .text.sli_bt_cmd_hardware_set_lazy_soft_timer
                0x0001296c       0x40 /home/mehdi/SimplicityStudio/v4_workspace/BARK_v2/protocol/bluetooth_2.7/lib/EFR32BG13P/GCC/libbluetooth.a(bgapi_hardware.c.obj)
                0x0001296c                sli_bt_cmd_hardware_set_lazy_soft_timer
 .text.lib_le_connection_handler_init
                0x000129ac        0x2 /home/mehdi/SimplicityStudio/v4_workspace/BARK_v2/protocol/bluetooth_2.7/lib/EFR32BG13P/GCC/libbluetooth.a(bgapi_le_connection.c.obj)
                0x000129ac                lib_le_connection_handler_init
 *fill*         0x000129ae        0x2 
 .text.sli_bt_cmd_le_connection_set_parameters
                0x000129b0       0x48 /home/mehdi/SimplicityStudio/v4_workspace/BARK_v2/protocol/bluetooth_2.7/lib/EFR32BG13P/GCC/libbluetooth.a(bgapi_le_connection.c.obj)
                0x000129b0                sli_bt_cmd_le_connection_set_parameters
 .text.bgapi_close_le_connection
                0x000129f8       0x16 /home/mehdi/SimplicityStudio/v4_workspace/BARK_v2/protocol/bluetooth_2.7/lib/EFR32BG13P/GCC/libbluetooth.a(bgapi_le_connection.c.obj)
                0x000129f8                bgapi_close_le_connection
 *fill*         0x00012a0e        0x2 
 .text.sli_bt_cmd_le_connection_close
                0x00012a10       0x2c /home/mehdi/SimplicityStudio/v4_workspace/BARK_v2/protocol/bluetooth_2.7/lib/EFR32BG13P/GCC/libbluetooth.a(bgapi_le_connection.c.obj)
                0x00012a10                sli_bt_cmd_le_connection_close
 .text.pskey_user_accessible
                0x00012a3c       0x1c /home/mehdi/SimplicityStudio/v4_workspace/BARK_v2/protocol/bluetooth_2.7/lib/EFR32BG13P/GCC/libbluetooth.a(bgapi_ps.c.obj)
 .text.bgapi_ps_dump_listener
                0x00012a58       0x40 /home/mehdi/SimplicityStudio/v4_workspace/BARK_v2/protocol/bluetooth_2.7/lib/EFR32BG13P/GCC/libbluetooth.a(bgapi_ps.c.obj)
                0x00012a58                bgapi_ps_dump_listener
 .text.lib_flash_handler_init
                0x00012a98       0x14 /home/mehdi/SimplicityStudio/v4_workspace/BARK_v2/protocol/bluetooth_2.7/lib/EFR32BG13P/GCC/libbluetooth.a(bgapi_ps.c.obj)
                0x00012a98                lib_flash_handler_init
 .text.sli_bt_cmd_flash_ps_save
                0x00012aac       0x50 /home/mehdi/SimplicityStudio/v4_workspace/BARK_v2/protocol/bluetooth_2.7/lib/EFR32BG13P/GCC/libbluetooth.a(bgapi_ps.c.obj)
                0x00012aac                sli_bt_cmd_flash_ps_save
 .text.sli_bt_cmd_flash_ps_load
                0x00012afc       0x60 /home/mehdi/SimplicityStudio/v4_workspace/BARK_v2/protocol/bluetooth_2.7/lib/EFR32BG13P/GCC/libbluetooth.a(bgapi_ps.c.obj)
                0x00012afc                sli_bt_cmd_flash_ps_load
 .text.bgapi_sm_listener
                0x00012b5c       0xc8 /home/mehdi/SimplicityStudio/v4_workspace/BARK_v2/protocol/bluetooth_2.7/lib/EFR32BG13P/GCC/libbluetooth.a(bgapi_sm.c.obj)
 .text.lib_sm_handler_init
                0x00012c24       0x1c /home/mehdi/SimplicityStudio/v4_workspace/BARK_v2/protocol/bluetooth_2.7/lib/EFR32BG13P/GCC/libbluetooth.a(bgapi_sm.c.obj)
                0x00012c24                lib_sm_handler_init
 .text.sli_bt_cmd_sm_set_bondable_mode
                0x00012c40       0x2c /home/mehdi/SimplicityStudio/v4_workspace/BARK_v2/protocol/bluetooth_2.7/lib/EFR32BG13P/GCC/libbluetooth.a(bgapi_sm.c.obj)
                0x00012c40                sli_bt_cmd_sm_set_bondable_mode
 .text.sli_bt_cmd_sm_delete_bondings
                0x00012c6c       0x30 /home/mehdi/SimplicityStudio/v4_workspace/BARK_v2/protocol/bluetooth_2.7/lib/EFR32BG13P/GCC/libbluetooth.a(bgapi_sm.c.obj)
                0x00012c6c                sli_bt_cmd_sm_delete_bondings
 .text.sli_bt_cmd_sm_configure
                0x00012c9c       0x34 /home/mehdi/SimplicityStudio/v4_workspace/BARK_v2/protocol/bluetooth_2.7/lib/EFR32BG13P/GCC/libbluetooth.a(bgapi_sm.c.obj)
                0x00012c9c                sli_bt_cmd_sm_configure
 .text.bgapi_system_listener
                0x00012cd0       0x30 /home/mehdi/SimplicityStudio/v4_workspace/BARK_v2/protocol/bluetooth_2.7/lib/EFR32BG13P/GCC/libbluetooth.a(bgapi_system.c.obj)
                0x00012cd0                bgapi_system_listener
 .text.lib_system_handler_init
                0x00012d00       0x14 /home/mehdi/SimplicityStudio/v4_workspace/BARK_v2/protocol/bluetooth_2.7/lib/EFR32BG13P/GCC/libbluetooth.a(bgapi_system.c.obj)
                0x00012d00                lib_system_handler_init
 .text.bgbuf_alloc_int
                0x00012d14       0xa0 /home/mehdi/SimplicityStudio/v4_workspace/BARK_v2/protocol/bluetooth_2.7/lib/EFR32BG13P/GCC/libbluetooth.a(bgbuf.c.obj)
 .text.bgbuf_init
                0x00012db4       0x28 /home/mehdi/SimplicityStudio/v4_workspace/BARK_v2/protocol/bluetooth_2.7/lib/EFR32BG13P/GCC/libbluetooth.a(bgbuf.c.obj)
                0x00012db4                bgbuf_init
 .text.bgbuf_alloc
                0x00012ddc        0xc /home/mehdi/SimplicityStudio/v4_workspace/BARK_v2/protocol/bluetooth_2.7/lib/EFR32BG13P/GCC/libbluetooth.a(bgbuf.c.obj)
                0x00012ddc                bgbuf_alloc
 .text.bgbuf_alloc_size
                0x00012de8       0x10 /home/mehdi/SimplicityStudio/v4_workspace/BARK_v2/protocol/bluetooth_2.7/lib/EFR32BG13P/GCC/libbluetooth.a(bgbuf.c.obj)
                0x00012de8                bgbuf_alloc_size
 .text.bgbuf_free
                0x00012df8       0x7c /home/mehdi/SimplicityStudio/v4_workspace/BARK_v2/protocol/bluetooth_2.7/lib/EFR32BG13P/GCC/libbluetooth.a(bgbuf.c.obj)
                0x00012df8                bgbuf_free
 .text.bgbuf_append
                0x00012e74       0x16 /home/mehdi/SimplicityStudio/v4_workspace/BARK_v2/protocol/bluetooth_2.7/lib/EFR32BG13P/GCC/libbluetooth.a(bgbuf.c.obj)
                0x00012e74                bgbuf_append
 .text.bgbuf_append_data
                0x00012e8a       0x24 /home/mehdi/SimplicityStudio/v4_workspace/BARK_v2/protocol/bluetooth_2.7/lib/EFR32BG13P/GCC/libbluetooth.a(bgbuf.c.obj)
                0x00012e8a                bgbuf_append_data
 .text.bgbuf_copy_to
                0x00012eae       0x64 /home/mehdi/SimplicityStudio/v4_workspace/BARK_v2/protocol/bluetooth_2.7/lib/EFR32BG13P/GCC/libbluetooth.a(bgbuf.c.obj)
                0x00012eae                bgbuf_copy_to
 .text.bgbuf_chain_free
                0x00012f12       0x14 /home/mehdi/SimplicityStudio/v4_workspace/BARK_v2/protocol/bluetooth_2.7/lib/EFR32BG13P/GCC/libbluetooth.a(bgbuf.c.obj)
                0x00012f12                bgbuf_chain_free
 .text.bgbuf_clone
                0x00012f26       0x70 /home/mehdi/SimplicityStudio/v4_workspace/BARK_v2/protocol/bluetooth_2.7/lib/EFR32BG13P/GCC/libbluetooth.a(bgbuf.c.obj)
                0x00012f26                bgbuf_clone
 .text.bgbuf_chain_pop_packet
                0x00012f96       0x26 /home/mehdi/SimplicityStudio/v4_workspace/BARK_v2/protocol/bluetooth_2.7/lib/EFR32BG13P/GCC/libbluetooth.a(bgbuf.c.obj)
                0x00012f96                bgbuf_chain_pop_packet
 .text.bgbuf_prepend_no_alloc
                0x00012fbc       0x3c /home/mehdi/SimplicityStudio/v4_workspace/BARK_v2/protocol/bluetooth_2.7/lib/EFR32BG13P/GCC/libbluetooth.a(bgbuf.c.obj)
                0x00012fbc                bgbuf_prepend_no_alloc
 .text.bgbuf_prepend
                0x00012ff8       0x24 /home/mehdi/SimplicityStudio/v4_workspace/BARK_v2/protocol/bluetooth_2.7/lib/EFR32BG13P/GCC/libbluetooth.a(bgbuf.c.obj)
                0x00012ff8                bgbuf_prepend
 .text.bgbuf_split
                0x0001301c       0x50 /home/mehdi/SimplicityStudio/v4_workspace/BARK_v2/protocol/bluetooth_2.7/lib/EFR32BG13P/GCC/libbluetooth.a(bgbuf.c.obj)
                0x0001301c                bgbuf_split
 .text.bgbuf_chain_get
                0x0001306c       0x40 /home/mehdi/SimplicityStudio/v4_workspace/BARK_v2/protocol/bluetooth_2.7/lib/EFR32BG13P/GCC/libbluetooth.a(bgbuf.c.obj)
                0x0001306c                bgbuf_chain_get
 .text.bgbuf_chain_get_head
                0x000130ac       0x10 /home/mehdi/SimplicityStudio/v4_workspace/BARK_v2/protocol/bluetooth_2.7/lib/EFR32BG13P/GCC/libbluetooth.a(bgbuf.c.obj)
                0x000130ac                bgbuf_chain_get_head
 .text.bgbuf_chain_len
                0x000130bc       0x14 /home/mehdi/SimplicityStudio/v4_workspace/BARK_v2/protocol/bluetooth_2.7/lib/EFR32BG13P/GCC/libbluetooth.a(bgbuf.c.obj)
                0x000130bc                bgbuf_chain_len
 .text.bgbuf_memcmp
                0x000130d0       0x44 /home/mehdi/SimplicityStudio/v4_workspace/BARK_v2/protocol/bluetooth_2.7/lib/EFR32BG13P/GCC/libbluetooth.a(bgbuf.c.obj)
                0x000130d0                bgbuf_memcmp
 .text.bgbuf_cmp
                0x00013114       0xac /home/mehdi/SimplicityStudio/v4_workspace/BARK_v2/protocol/bluetooth_2.7/lib/EFR32BG13P/GCC/libbluetooth.a(bgbuf.c.obj)
                0x00013114                bgbuf_cmp
 .text.bgbuf_chain_add
                0x000131c0       0x14 /home/mehdi/SimplicityStudio/v4_workspace/BARK_v2/protocol/bluetooth_2.7/lib/EFR32BG13P/GCC/libbluetooth.a(bgbuf.c.obj)
                0x000131c0                bgbuf_chain_add
 .text.bgbuf_chain_append_data
                0x000131d4       0x6c /home/mehdi/SimplicityStudio/v4_workspace/BARK_v2/protocol/bluetooth_2.7/lib/EFR32BG13P/GCC/libbluetooth.a(bgbuf.c.obj)
                0x000131d4                bgbuf_chain_append_data
 .text.bgbuf_alloc_copy_data
                0x00013240       0x2a /home/mehdi/SimplicityStudio/v4_workspace/BARK_v2/protocol/bluetooth_2.7/lib/EFR32BG13P/GCC/libbluetooth.a(bgbuf.c.obj)
                0x00013240                bgbuf_alloc_copy_data
 .text.bgbuf_chain_drop
                0x0001326a       0x2e /home/mehdi/SimplicityStudio/v4_workspace/BARK_v2/protocol/bluetooth_2.7/lib/EFR32BG13P/GCC/libbluetooth.a(bgbuf.c.obj)
                0x0001326a                bgbuf_chain_drop
 .text.bgbuf_chain_drop_end
                0x00013298       0x42 /home/mehdi/SimplicityStudio/v4_workspace/BARK_v2/protocol/bluetooth_2.7/lib/EFR32BG13P/GCC/libbluetooth.a(bgbuf.c.obj)
                0x00013298                bgbuf_chain_drop_end
 .text.bgbuf_chain_defragment
                0x000132da       0x92 /home/mehdi/SimplicityStudio/v4_workspace/BARK_v2/protocol/bluetooth_2.7/lib/EFR32BG13P/GCC/libbluetooth.a(bgbuf.c.obj)
                0x000132da                bgbuf_chain_defragment
 .text.bgbuf_add_callback
                0x0001336c       0x1c /home/mehdi/SimplicityStudio/v4_workspace/BARK_v2/protocol/bluetooth_2.7/lib/EFR32BG13P/GCC/libbluetooth.a(bgbuf.c.obj)
                0x0001336c                bgbuf_add_callback
 .text.gecko_init_alloc
                0x00013388       0x38 /home/mehdi/SimplicityStudio/v4_workspace/BARK_v2/protocol/bluetooth_2.7/lib/EFR32BG13P/GCC/libbluetooth.a(bglib.c.obj)
                0x00013388                gecko_init_alloc
 .text.user_signal_message_handler
                0x000133c0       0x2c /home/mehdi/SimplicityStudio/v4_workspace/BARK_v2/protocol/bluetooth_2.7/lib/EFR32BG13P/GCC/libbluetooth.a(bglib.c.obj)
 .text.gecko_process_event
                0x000133ec       0x50 /home/mehdi/SimplicityStudio/v4_workspace/BARK_v2/protocol/bluetooth_2.7/lib/EFR32BG13P/GCC/libbluetooth.a(bglib.c.obj)
 .text.set_ctune
                0x0001343c       0x64 /home/mehdi/SimplicityStudio/v4_workspace/BARK_v2/protocol/bluetooth_2.7/lib/EFR32BG13P/GCC/libbluetooth.a(bglib.c.obj)
                0x0001343c                set_ctune
 .text.check_ctune_override
                0x000134a0       0x1e /home/mehdi/SimplicityStudio/v4_workspace/BARK_v2/protocol/bluetooth_2.7/lib/EFR32BG13P/GCC/libbluetooth.a(bglib.c.obj)
                0x000134a0                check_ctune_override
 *fill*         0x000134be        0x2 
 .text.gecko_stack_init
                0x000134c0      0x1d8 /home/mehdi/SimplicityStudio/v4_workspace/BARK_v2/protocol/bluetooth_2.7/lib/EFR32BG13P/GCC/libbluetooth.a(bglib.c.obj)
                0x000134c0                gecko_stack_init
 .text.gecko_wait_event
                0x00013698        0x6 /home/mehdi/SimplicityStudio/v4_workspace/BARK_v2/protocol/bluetooth_2.7/lib/EFR32BG13P/GCC/libbluetooth.a(bglib.c.obj)
                0x00013698                gecko_wait_event
 *fill*         0x0001369e        0x2 
 .text.gecko_stack_update_callback
                0x000136a0       0x10 /home/mehdi/SimplicityStudio/v4_workspace/BARK_v2/protocol/bluetooth_2.7/lib/EFR32BG13P/GCC/libbluetooth.a(bglib.c.obj)
                0x000136a0                gecko_stack_update_callback
 .text.gecko_external_signal
                0x000136b0       0x1c /home/mehdi/SimplicityStudio/v4_workspace/BARK_v2/protocol/bluetooth_2.7/lib/EFR32BG13P/GCC/libbluetooth.a(bglib.c.obj)
                0x000136b0                gecko_external_signal
 .text.bondingdb_handle_valid
                0x000136cc       0x24 /home/mehdi/SimplicityStudio/v4_workspace/BARK_v2/protocol/bluetooth_2.7/lib/EFR32BG13P/GCC/libbluetooth.a(bondingdb.c.obj)
 .text.bondingdb_count_bonds
                0x000136f0       0x18 /home/mehdi/SimplicityStudio/v4_workspace/BARK_v2/protocol/bluetooth_2.7/lib/EFR32BG13P/GCC/libbluetooth.a(bondingdb.c.obj)
                0x000136f0                bondingdb_count_bonds
 .text.ubt_sm_get_bonds
                0x00013708        0xc /home/mehdi/SimplicityStudio/v4_workspace/BARK_v2/protocol/bluetooth_2.7/lib/EFR32BG13P/GCC/libbluetooth.a(bondingdb.c.obj)
                0x00013708                ubt_sm_get_bonds
 .text.ubt_sm_delete_bonding
                0x00013714       0xa0 /home/mehdi/SimplicityStudio/v4_workspace/BARK_v2/protocol/bluetooth_2.7/lib/EFR32BG13P/GCC/libbluetooth.a(bondingdb.c.obj)
                0x00013714                ubt_sm_delete_bonding
 .text.ubt_sm_set_bond_data
                0x000137b4       0x30 /home/mehdi/SimplicityStudio/v4_workspace/BARK_v2/protocol/bluetooth_2.7/lib/EFR32BG13P/GCC/libbluetooth.a(bondingdb.c.obj)
                0x000137b4                ubt_sm_set_bond_data
 .text.bondingdb_find_by_data
                0x000137e4       0x5c /home/mehdi/SimplicityStudio/v4_workspace/BARK_v2/protocol/bluetooth_2.7/lib/EFR32BG13P/GCC/libbluetooth.a(bondingdb.c.obj)
                0x000137e4                bondingdb_find_by_data
 .text.ubt_sm_get_bond_data
                0x00013840       0x50 /home/mehdi/SimplicityStudio/v4_workspace/BARK_v2/protocol/bluetooth_2.7/lib/EFR32BG13P/GCC/libbluetooth.a(bondingdb.c.obj)
                0x00013840                ubt_sm_get_bond_data
 .text.bondingdb_check_bonds
                0x00013890       0x38 /home/mehdi/SimplicityStudio/v4_workspace/BARK_v2/protocol/bluetooth_2.7/lib/EFR32BG13P/GCC/libbluetooth.a(bondingdb.c.obj)
                0x00013890                bondingdb_check_bonds
 .text.bondingdb_init
                0x000138c8       0x84 /home/mehdi/SimplicityStudio/v4_workspace/BARK_v2/protocol/bluetooth_2.7/lib/EFR32BG13P/GCC/libbluetooth.a(bondingdb.c.obj)
                0x000138c8                bondingdb_init
 .text.ubt_sm_alloc_bond
                0x0001394c       0xe0 /home/mehdi/SimplicityStudio/v4_workspace/BARK_v2/protocol/bluetooth_2.7/lib/EFR32BG13P/GCC/libbluetooth.a(bondingdb.c.obj)
                0x0001394c                ubt_sm_alloc_bond
 .text.bondingdb_update_bonding_list
                0x00013a2c       0x54 /home/mehdi/SimplicityStudio/v4_workspace/BARK_v2/protocol/bluetooth_2.7/lib/EFR32BG13P/GCC/libbluetooth.a(bondingdb.c.obj)
                0x00013a2c                bondingdb_update_bonding_list
 .text.bondingdb_set_irk
                0x00013a80        0x8 /home/mehdi/SimplicityStudio/v4_workspace/BARK_v2/protocol/bluetooth_2.7/lib/EFR32BG13P/GCC/libbluetooth.a(bondingdb.c.obj)
                0x00013a80                bondingdb_set_irk
 .text.bondingdb_get_irk
                0x00013a88       0x3a /home/mehdi/SimplicityStudio/v4_workspace/BARK_v2/protocol/bluetooth_2.7/lib/EFR32BG13P/GCC/libbluetooth.a(bondingdb.c.obj)
                0x00013a88                bondingdb_get_irk
 *fill*         0x00013ac2        0x2 
 .text.bootloader_getInfo
                0x00013ac4       0x38 /home/mehdi/SimplicityStudio/v4_workspace/BARK_v2/protocol/bluetooth_2.7/lib/EFR32BG13P/GCC/libbluetooth.a(btl_interface.c.obj)
                0x00013ac4                bootloader_getInfo
 .text.gap_adv_add_attribute
                0x00013afc       0x92 /home/mehdi/SimplicityStudio/v4_workspace/BARK_v2/protocol/bluetooth_2.7/lib/EFR32BG13P/GCC/libbluetooth.a(gap.c.obj)
 *fill*         0x00013b8e        0x2 
 .text.validate_adv_parameters
                0x00013b90       0x48 /home/mehdi/SimplicityStudio/v4_workspace/BARK_v2/protocol/bluetooth_2.7/lib/EFR32BG13P/GCC/libbluetooth.a(gap.c.obj)
 .text.gap_is_scanning_or_advertising.part.1
                0x00013bd8       0x24 /home/mehdi/SimplicityStudio/v4_workspace/BARK_v2/protocol/bluetooth_2.7/lib/EFR32BG13P/GCC/libbluetooth.a(gap.c.obj)
 .text.gap_adv_add_name.part.3
                0x00013bfc       0x84 /home/mehdi/SimplicityStudio/v4_workspace/BARK_v2/protocol/bluetooth_2.7/lib/EFR32BG13P/GCC/libbluetooth.a(gap.c.obj)
 .text.check_private_address_and_timer
                0x00013c80       0x68 /home/mehdi/SimplicityStudio/v4_workspace/BARK_v2/protocol/bluetooth_2.7/lib/EFR32BG13P/GCC/libbluetooth.a(gap.c.obj)
 .text.gap_alloc_mem
                0x00013ce8       0x28 /home/mehdi/SimplicityStudio/v4_workspace/BARK_v2/protocol/bluetooth_2.7/lib/EFR32BG13P/GCC/libbluetooth.a(gap.c.obj)
                0x00013ce8                gap_alloc_mem
 .text.gap_init
                0x00013d10       0x90 /home/mehdi/SimplicityStudio/v4_workspace/BARK_v2/protocol/bluetooth_2.7/lib/EFR32BG13P/GCC/libbluetooth.a(gap.c.obj)
                0x00013d10                gap_init
 .text.gap_notify_connection_parameters
                0x00013da0       0x60 /home/mehdi/SimplicityStudio/v4_workspace/BARK_v2/protocol/bluetooth_2.7/lib/EFR32BG13P/GCC/libbluetooth.a(gap.c.obj)
                0x00013da0                gap_notify_connection_parameters
 .text.gap_connection_complete.part.6
                0x00013e00       0xc8 /home/mehdi/SimplicityStudio/v4_workspace/BARK_v2/protocol/bluetooth_2.7/lib/EFR32BG13P/GCC/libbluetooth.a(gap.c.obj)
 .text.gap_notify_phy_status
                0x00013ec8       0x3c /home/mehdi/SimplicityStudio/v4_workspace/BARK_v2/protocol/bluetooth_2.7/lib/EFR32BG13P/GCC/libbluetooth.a(gap.c.obj)
                0x00013ec8                gap_notify_phy_status
 .text.gap_resolver_completed
                0x00013f04       0x78 /home/mehdi/SimplicityStudio/v4_workspace/BARK_v2/protocol/bluetooth_2.7/lib/EFR32BG13P/GCC/libbluetooth.a(gap.c.obj)
                0x00013f04                gap_resolver_completed
 .text.gap_find_ad_data
                0x00013f7c       0x24 /home/mehdi/SimplicityStudio/v4_workspace/BARK_v2/protocol/bluetooth_2.7/lib/EFR32BG13P/GCC/libbluetooth.a(gap.c.obj)
                0x00013f7c                gap_find_ad_data
 .text.gap_packet_handle
                0x00013fa0      0x100 /home/mehdi/SimplicityStudio/v4_workspace/BARK_v2/protocol/bluetooth_2.7/lib/EFR32BG13P/GCC/libbluetooth.a(gap.c.obj)
                0x00013fa0                gap_packet_handle
 .text.ubt_gap_set_le_connection_parameters
                0x000140a0       0xa4 /home/mehdi/SimplicityStudio/v4_workspace/BARK_v2/protocol/bluetooth_2.7/lib/EFR32BG13P/GCC/libbluetooth.a(gap.c.obj)
                0x000140a0                ubt_gap_set_le_connection_parameters
 .text.gap_adv_terminated_callback
                0x00014144       0x60 /home/mehdi/SimplicityStudio/v4_workspace/BARK_v2/protocol/bluetooth_2.7/lib/EFR32BG13P/GCC/libbluetooth.a(gap.c.obj)
                0x00014144                gap_adv_terminated_callback
 .text.gap_update
                0x000141a4      0x1dc /home/mehdi/SimplicityStudio/v4_workspace/BARK_v2/protocol/bluetooth_2.7/lib/EFR32BG13P/GCC/libbluetooth.a(gap.c.obj)
                0x000141a4                gap_update
 .text.ubt_gap_set_adv_parameters
                0x00014380       0x60 /home/mehdi/SimplicityStudio/v4_workspace/BARK_v2/protocol/bluetooth_2.7/lib/EFR32BG13P/GCC/libbluetooth.a(gap.c.obj)
                0x00014380                ubt_gap_set_adv_parameters
 .text.gap_listener
                0x000143e0       0x80 /home/mehdi/SimplicityStudio/v4_workspace/BARK_v2/protocol/bluetooth_2.7/lib/EFR32BG13P/GCC/libbluetooth.a(gap.c.obj)
                0x000143e0                gap_listener
 .text.gap_acl_new
                0x00014460       0x28 /home/mehdi/SimplicityStudio/v4_workspace/BARK_v2/protocol/bluetooth_2.7/lib/EFR32BG13P/GCC/libbluetooth.a(gap.c.obj)
                0x00014460                gap_acl_new
 .text.gap_disconnect_acl
                0x00014488       0x12 /home/mehdi/SimplicityStudio/v4_workspace/BARK_v2/protocol/bluetooth_2.7/lib/EFR32BG13P/GCC/libbluetooth.a(gap.c.obj)
                0x00014488                gap_disconnect_acl
 *fill*         0x0001449a        0x2 
 .text.gap_connection_disconnected
                0x0001449c       0x34 /home/mehdi/SimplicityStudio/v4_workspace/BARK_v2/protocol/bluetooth_2.7/lib/EFR32BG13P/GCC/libbluetooth.a(gap.c.obj)
                0x0001449c                gap_connection_disconnected
 .text.gap_connection_complete
                0x000144d0       0x5c /home/mehdi/SimplicityStudio/v4_workspace/BARK_v2/protocol/bluetooth_2.7/lib/EFR32BG13P/GCC/libbluetooth.a(gap.c.obj)
                0x000144d0                gap_connection_complete
 .text.gap_encryption_changed
                0x0001452c       0x50 /home/mehdi/SimplicityStudio/v4_workspace/BARK_v2/protocol/bluetooth_2.7/lib/EFR32BG13P/GCC/libbluetooth.a(gap.c.obj)
                0x0001452c                gap_encryption_changed
 .text.gap_create_adv_data
                0x0001457c       0x90 /home/mehdi/SimplicityStudio/v4_workspace/BARK_v2/protocol/bluetooth_2.7/lib/EFR32BG13P/GCC/libbluetooth.a(gap.c.obj)
                0x0001457c                gap_create_adv_data
 .text.ubt_gap_set_le_mode
                0x0001460c      0x16c /home/mehdi/SimplicityStudio/v4_workspace/BARK_v2/protocol/bluetooth_2.7/lib/EFR32BG13P/GCC/libbluetooth.a(gap.c.obj)
                0x0001460c                ubt_gap_set_le_mode
 .text.gap_address_resolver_step
                0x00014778       0x9c /home/mehdi/SimplicityStudio/v4_workspace/BARK_v2/protocol/bluetooth_2.7/lib/EFR32BG13P/GCC/libbluetooth.a(gap_resolver.c.obj)
                0x00014778                gap_address_resolver_step
 .text.gap_resolver_start
                0x00014814       0x40 /home/mehdi/SimplicityStudio/v4_workspace/BARK_v2/protocol/bluetooth_2.7/lib/EFR32BG13P/GCC/libbluetooth.a(gap_resolver.c.obj)
                0x00014814                gap_resolver_start
 .text.gatt_init
                0x00014854        0xc /home/mehdi/SimplicityStudio/v4_workspace/BARK_v2/protocol/bluetooth_2.7/lib/EFR32BG13P/GCC/libbluetooth.a(gatt.c.obj)
                0x00014854                gatt_init
 .text.gatt_set_gattdb
                0x00014860       0x36 /home/mehdi/SimplicityStudio/v4_workspace/BARK_v2/protocol/bluetooth_2.7/lib/EFR32BG13P/GCC/libbluetooth.a(gatt.c.obj)
                0x00014860                gatt_set_gattdb
 *fill*         0x00014896        0x2 
 .text.gatt_init_connection
                0x00014898       0x50 /home/mehdi/SimplicityStudio/v4_workspace/BARK_v2/protocol/bluetooth_2.7/lib/EFR32BG13P/GCC/libbluetooth.a(gatt.c.obj)
                0x00014898                gatt_init_connection
 .text.gatt_free_connection
                0x000148e8       0x50 /home/mehdi/SimplicityStudio/v4_workspace/BARK_v2/protocol/bluetooth_2.7/lib/EFR32BG13P/GCC/libbluetooth.a(gatt.c.obj)
                0x000148e8                gatt_free_connection
 .text.send_gatt_mtu_exchanged_event
                0x00014938       0x2a /home/mehdi/SimplicityStudio/v4_workspace/BARK_v2/protocol/bluetooth_2.7/lib/EFR32BG13P/GCC/libbluetooth.a(gatt.c.obj)
                0x00014938                send_gatt_mtu_exchanged_event
 .text.gatt_start_procedure_timeout_timer
                0x00014962       0x16 /home/mehdi/SimplicityStudio/v4_workspace/BARK_v2/protocol/bluetooth_2.7/lib/EFR32BG13P/GCC/libbluetooth.a(gatt.c.obj)
                0x00014962                gatt_start_procedure_timeout_timer
 .text.gatt_stop_procedure_timeout_timer
                0x00014978        0x6 /home/mehdi/SimplicityStudio/v4_workspace/BARK_v2/protocol/bluetooth_2.7/lib/EFR32BG13P/GCC/libbluetooth.a(gatt.c.obj)
                0x00014978                gatt_stop_procedure_timeout_timer
 .text.gatt_procedure_timeout
                0x0001497e       0x2e /home/mehdi/SimplicityStudio/v4_workspace/BARK_v2/protocol/bluetooth_2.7/lib/EFR32BG13P/GCC/libbluetooth.a(gatt.c.obj)
                0x0001497e                gatt_procedure_timeout
 .text.gatt_listener
                0x000149ac       0x60 /home/mehdi/SimplicityStudio/v4_workspace/BARK_v2/protocol/bluetooth_2.7/lib/EFR32BG13P/GCC/libbluetooth.a(gatt.c.obj)
 .text.gatt_get_connection
                0x00014a0c        0xc /home/mehdi/SimplicityStudio/v4_workspace/BARK_v2/protocol/bluetooth_2.7/lib/EFR32BG13P/GCC/libbluetooth.a(gatt.c.obj)
                0x00014a0c                gatt_get_connection
 .text.gatt_get_next_connection
                0x00014a18       0x1a /home/mehdi/SimplicityStudio/v4_workspace/BARK_v2/protocol/bluetooth_2.7/lib/EFR32BG13P/GCC/libbluetooth.a(gatt.c.obj)
                0x00014a18                gatt_get_next_connection
 .text.free_params_data
                0x00014a32        0xc /home/mehdi/SimplicityStudio/v4_workspace/BARK_v2/protocol/bluetooth_2.7/lib/EFR32BG13P/GCC/libbluetooth.a(gatt_client.c.obj)
 .text.alloc_params_data
                0x00014a3e       0x2c /home/mehdi/SimplicityStudio/v4_workspace/BARK_v2/protocol/bluetooth_2.7/lib/EFR32BG13P/GCC/libbluetooth.a(gatt_client.c.obj)
 .text.should_start_long_read
                0x00014a6a       0x36 /home/mehdi/SimplicityStudio/v4_workspace/BARK_v2/protocol/bluetooth_2.7/lib/EFR32BG13P/GCC/libbluetooth.a(gatt_client.c.obj)
 .text.send_service_event
                0x00014aa0       0x4a /home/mehdi/SimplicityStudio/v4_workspace/BARK_v2/protocol/bluetooth_2.7/lib/EFR32BG13P/GCC/libbluetooth.a(gatt_client.c.obj)
 .text.send_descriptor_value_event
                0x00014aea       0x3c /home/mehdi/SimplicityStudio/v4_workspace/BARK_v2/protocol/bluetooth_2.7/lib/EFR32BG13P/GCC/libbluetooth.a(gatt_client.c.obj)
 .text.end_procedure
                0x00014b26       0x3c /home/mehdi/SimplicityStudio/v4_workspace/BARK_v2/protocol/bluetooth_2.7/lib/EFR32BG13P/GCC/libbluetooth.a(gatt_client.c.obj)
 .text.abort_long_write
                0x00014b62       0x20 /home/mehdi/SimplicityStudio/v4_workspace/BARK_v2/protocol/bluetooth_2.7/lib/EFR32BG13P/GCC/libbluetooth.a(gatt_client.c.obj)
 .text.send_characteristic_value_event
                0x00014b82       0x76 /home/mehdi/SimplicityStudio/v4_workspace/BARK_v2/protocol/bluetooth_2.7/lib/EFR32BG13P/GCC/libbluetooth.a(gatt_client.c.obj)
 .text.write_value
                0x00014bf8       0x4a /home/mehdi/SimplicityStudio/v4_workspace/BARK_v2/protocol/bluetooth_2.7/lib/EFR32BG13P/GCC/libbluetooth.a(gatt_client.c.obj)
 *fill*         0x00014c42        0x2 
 .text.gatt_find_included_services_handler
                0x00014c44       0xb8 /home/mehdi/SimplicityStudio/v4_workspace/BARK_v2/protocol/bluetooth_2.7/lib/EFR32BG13P/GCC/libbluetooth.a(gatt_client.c.obj)
                0x00014c44                gatt_find_included_services_handler
 .text.gatt_handle_exchange_mtu_rsp
                0x00014cfc       0x1c /home/mehdi/SimplicityStudio/v4_workspace/BARK_v2/protocol/bluetooth_2.7/lib/EFR32BG13P/GCC/libbluetooth.a(gatt_client.c.obj)
                0x00014cfc                gatt_handle_exchange_mtu_rsp
 .text.gatt_handle_find_information_response
                0x00014d18      0x152 /home/mehdi/SimplicityStudio/v4_workspace/BARK_v2/protocol/bluetooth_2.7/lib/EFR32BG13P/GCC/libbluetooth.a(gatt_client.c.obj)
                0x00014d18                gatt_handle_find_information_response
 .text.gatt_handle_find_by_type_value_response
                0x00014e6a       0xa4 /home/mehdi/SimplicityStudio/v4_workspace/BARK_v2/protocol/bluetooth_2.7/lib/EFR32BG13P/GCC/libbluetooth.a(gatt_client.c.obj)
                0x00014e6a                gatt_handle_find_by_type_value_response
 *fill*         0x00014f0e        0x2 
 .text.gatt_handle_read_response
                0x00014f10       0xf0 /home/mehdi/SimplicityStudio/v4_workspace/BARK_v2/protocol/bluetooth_2.7/lib/EFR32BG13P/GCC/libbluetooth.a(gatt_client.c.obj)
                0x00014f10                gatt_handle_read_response
 .text.read_long_value_handler
                0x00015000       0x70 /home/mehdi/SimplicityStudio/v4_workspace/BARK_v2/protocol/bluetooth_2.7/lib/EFR32BG13P/GCC/libbluetooth.a(gatt_client.c.obj)
 .text.gatt_handle_read_blob_response
                0x00015070       0x3c /home/mehdi/SimplicityStudio/v4_workspace/BARK_v2/protocol/bluetooth_2.7/lib/EFR32BG13P/GCC/libbluetooth.a(gatt_client.c.obj)
                0x00015070                gatt_handle_read_blob_response
 .text.gatt_handle_read_multiple_response
                0x000150ac       0x3c /home/mehdi/SimplicityStudio/v4_workspace/BARK_v2/protocol/bluetooth_2.7/lib/EFR32BG13P/GCC/libbluetooth.a(gatt_client.c.obj)
                0x000150ac                gatt_handle_read_multiple_response
 .text.gatt_handle_read_by_type_response
                0x000150e8      0x148 /home/mehdi/SimplicityStudio/v4_workspace/BARK_v2/protocol/bluetooth_2.7/lib/EFR32BG13P/GCC/libbluetooth.a(gatt_client.c.obj)
                0x000150e8                gatt_handle_read_by_type_response
 .text.gatt_handle_read_by_group_type_response
                0x00015230       0xa6 /home/mehdi/SimplicityStudio/v4_workspace/BARK_v2/protocol/bluetooth_2.7/lib/EFR32BG13P/GCC/libbluetooth.a(gatt_client.c.obj)
                0x00015230                gatt_handle_read_by_group_type_response
 .text.gatt_handle_write_response
                0x000152d6       0x14 /home/mehdi/SimplicityStudio/v4_workspace/BARK_v2/protocol/bluetooth_2.7/lib/EFR32BG13P/GCC/libbluetooth.a(gatt_client.c.obj)
                0x000152d6                gatt_handle_write_response
 .text.gatt_handle_prepare_write_response
                0x000152ea       0xc2 /home/mehdi/SimplicityStudio/v4_workspace/BARK_v2/protocol/bluetooth_2.7/lib/EFR32BG13P/GCC/libbluetooth.a(gatt_client.c.obj)
                0x000152ea                gatt_handle_prepare_write_response
 .text.gatt_handle_execute_write_response
                0x000153ac       0x3c /home/mehdi/SimplicityStudio/v4_workspace/BARK_v2/protocol/bluetooth_2.7/lib/EFR32BG13P/GCC/libbluetooth.a(gatt_client.c.obj)
                0x000153ac                gatt_handle_execute_write_response
 .text.gatt_client_handle_value_notification
                0x000153e8       0x12 /home/mehdi/SimplicityStudio/v4_workspace/BARK_v2/protocol/bluetooth_2.7/lib/EFR32BG13P/GCC/libbluetooth.a(gatt_client.c.obj)
                0x000153e8                gatt_client_handle_value_notification
 .text.gatt_client_handle_value_indication
                0x000153fa       0x14 /home/mehdi/SimplicityStudio/v4_workspace/BARK_v2/protocol/bluetooth_2.7/lib/EFR32BG13P/GCC/libbluetooth.a(gatt_client.c.obj)
                0x000153fa                gatt_client_handle_value_indication
 *fill*         0x0001540e        0x2 
 .text.gatt_client_init
                0x00015410        0xc /home/mehdi/SimplicityStudio/v4_workspace/BARK_v2/protocol/bluetooth_2.7/lib/EFR32BG13P/GCC/libbluetooth.a(gatt_client.c.obj)
                0x00015410                gatt_client_init
 .text.get_att_uuid16
                0x0001541c       0x24 /home/mehdi/SimplicityStudio/v4_workspace/BARK_v2/protocol/bluetooth_2.7/lib/EFR32BG13P/GCC/libbluetooth.a(gatt_db_minimal.c.obj)
 .text.get_client_conf
                0x00015440       0x24 /home/mehdi/SimplicityStudio/v4_workspace/BARK_v2/protocol/bluetooth_2.7/lib/EFR32BG13P/GCC/libbluetooth.a(gatt_db_minimal.c.obj)
 .text.gatt_db_set_db
                0x00015464       0x14 /home/mehdi/SimplicityStudio/v4_workspace/BARK_v2/protocol/bluetooth_2.7/lib/EFR32BG13P/GCC/libbluetooth.a(gatt_db_minimal.c.obj)
                0x00015464                gatt_db_set_db
 .text.gatt_db_invalidate_checksum
                0x00015478       0x10 /home/mehdi/SimplicityStudio/v4_workspace/BARK_v2/protocol/bluetooth_2.7/lib/EFR32BG13P/GCC/libbluetooth.a(gatt_db_minimal.c.obj)
                0x00015478                gatt_db_invalidate_checksum
 .text.gatt_db_get_checksum
                0x00015488       0x98 /home/mehdi/SimplicityStudio/v4_workspace/BARK_v2/protocol/bluetooth_2.7/lib/EFR32BG13P/GCC/libbluetooth.a(gatt_db_minimal.c.obj)
                0x00015488                gatt_db_get_checksum
 .text.gatt_db_handle_inrange
                0x00015520       0x18 /home/mehdi/SimplicityStudio/v4_workspace/BARK_v2/protocol/bluetooth_2.7/lib/EFR32BG13P/GCC/libbluetooth.a(gatt_db_minimal.c.obj)
                0x00015520                gatt_db_handle_inrange
 .text.gatt_db_handle_active
                0x00015538       0x34 /home/mehdi/SimplicityStudio/v4_workspace/BARK_v2/protocol/bluetooth_2.7/lib/EFR32BG13P/GCC/libbluetooth.a(gatt_db_minimal.c.obj)
                0x00015538                gatt_db_handle_active
 .text.get_client_conf_index
                0x0001556c       0x44 /home/mehdi/SimplicityStudio/v4_workspace/BARK_v2/protocol/bluetooth_2.7/lib/EFR32BG13P/GCC/libbluetooth.a(gatt_db_minimal.c.obj)
 .text.gatt_db_get_char_properties
                0x000155b0       0x4c /home/mehdi/SimplicityStudio/v4_workspace/BARK_v2/protocol/bluetooth_2.7/lib/EFR32BG13P/GCC/libbluetooth.a(gatt_db_minimal.c.obj)
                0x000155b0                gatt_db_get_char_properties
 .text.gatt_db_user_value
                0x000155fc       0x1c /home/mehdi/SimplicityStudio/v4_workspace/BARK_v2/protocol/bluetooth_2.7/lib/EFR32BG13P/GCC/libbluetooth.a(gatt_db_minimal.c.obj)
                0x000155fc                gatt_db_user_value
 .text.gatt_db_load_client_conf
                0x00015618       0x32 /home/mehdi/SimplicityStudio/v4_workspace/BARK_v2/protocol/bluetooth_2.7/lib/EFR32BG13P/GCC/libbluetooth.a(gatt_db_minimal.c.obj)
                0x00015618                gatt_db_load_client_conf
 *fill*         0x0001564a        0x2 
 .text.gatt_db_get_client_conf
                0x0001564c       0x64 /home/mehdi/SimplicityStudio/v4_workspace/BARK_v2/protocol/bluetooth_2.7/lib/EFR32BG13P/GCC/libbluetooth.a(gatt_db_minimal.c.obj)
                0x0001564c                gatt_db_get_client_conf
 .text.gatt_db_get_att_len
                0x000156b0       0x3c /home/mehdi/SimplicityStudio/v4_workspace/BARK_v2/protocol/bluetooth_2.7/lib/EFR32BG13P/GCC/libbluetooth.a(gatt_db_minimal.c.obj)
                0x000156b0                gatt_db_get_att_len
 .text.gatt_db_check_permissions
                0x000156ec      0x124 /home/mehdi/SimplicityStudio/v4_workspace/BARK_v2/protocol/bluetooth_2.7/lib/EFR32BG13P/GCC/libbluetooth.a(gatt_db_minimal.c.obj)
                0x000156ec                gatt_db_check_permissions
 .text.gatt_db_get_data
                0x00015810       0x88 /home/mehdi/SimplicityStudio/v4_workspace/BARK_v2/protocol/bluetooth_2.7/lib/EFR32BG13P/GCC/libbluetooth.a(gatt_db_minimal.c.obj)
                0x00015810                gatt_db_get_data
 .text.gatt_db_find_attribute_by_type
                0x00015898       0x38 /home/mehdi/SimplicityStudio/v4_workspace/BARK_v2/protocol/bluetooth_2.7/lib/EFR32BG13P/GCC/libbluetooth.a(gatt_db_minimal.c.obj)
                0x00015898                gatt_db_find_attribute_by_type
 .text.gatt_db_find_group_end
                0x000158d0       0x48 /home/mehdi/SimplicityStudio/v4_workspace/BARK_v2/protocol/bluetooth_2.7/lib/EFR32BG13P/GCC/libbluetooth.a(gatt_db_minimal.c.obj)
                0x000158d0                gatt_db_find_group_end
 .text.gatt_db_find_by_type_value
                0x00015918       0x90 /home/mehdi/SimplicityStudio/v4_workspace/BARK_v2/protocol/bluetooth_2.7/lib/EFR32BG13P/GCC/libbluetooth.a(gatt_db_minimal.c.obj)
                0x00015918                gatt_db_find_by_type_value
 .text.gatt_db_populate_adv_services
                0x000159a8      0x130 /home/mehdi/SimplicityStudio/v4_workspace/BARK_v2/protocol/bluetooth_2.7/lib/EFR32BG13P/GCC/libbluetooth.a(gatt_db_minimal.c.obj)
                0x000159a8                gatt_db_populate_adv_services
 .text.gatt_db_get_attribute_type
                0x00015ad8       0x34 /home/mehdi/SimplicityStudio/v4_workspace/BARK_v2/protocol/bluetooth_2.7/lib/EFR32BG13P/GCC/libbluetooth.a(gatt_db_minimal.c.obj)
                0x00015ad8                gatt_db_get_attribute_type
 .text.gatt_db_get_16bit_char_handle
                0x00015b0c       0x26 /home/mehdi/SimplicityStudio/v4_workspace/BARK_v2/protocol/bluetooth_2.7/lib/EFR32BG13P/GCC/libbluetooth.a(gatt_db_minimal.c.obj)
                0x00015b0c                gatt_db_get_16bit_char_handle
 *fill*         0x00015b32        0x2 
 .text.set_client_conf
                0x00015b34       0xb4 /home/mehdi/SimplicityStudio/v4_workspace/BARK_v2/protocol/bluetooth_2.7/lib/EFR32BG13P/GCC/libbluetooth.a(gatt_db_minimal.c.obj)
 .text.gatt_db_set_data
                0x00015be8      0x16c /home/mehdi/SimplicityStudio/v4_workspace/BARK_v2/protocol/bluetooth_2.7/lib/EFR32BG13P/GCC/libbluetooth.a(gatt_db_minimal.c.obj)
                0x00015be8                gatt_db_set_data
 .text.gatt_db_reset_client_conf
                0x00015d54       0x36 /home/mehdi/SimplicityStudio/v4_workspace/BARK_v2/protocol/bluetooth_2.7/lib/EFR32BG13P/GCC/libbluetooth.a(gatt_db_minimal.c.obj)
                0x00015d54                gatt_db_reset_client_conf
 .text.send_user_write_request_event
                0x00015d8a       0x3a /home/mehdi/SimplicityStudio/v4_workspace/BARK_v2/protocol/bluetooth_2.7/lib/EFR32BG13P/GCC/libbluetooth.a(gatt_server.c.obj)
 .text.send_execute_write_completed_event
                0x00015dc4       0x2a /home/mehdi/SimplicityStudio/v4_workspace/BARK_v2/protocol/bluetooth_2.7/lib/EFR32BG13P/GCC/libbluetooth.a(gatt_server.c.obj)
 .text.finish_read_req
                0x00015dee       0x42 /home/mehdi/SimplicityStudio/v4_workspace/BARK_v2/protocol/bluetooth_2.7/lib/EFR32BG13P/GCC/libbluetooth.a(gatt_server.c.obj)
 .text.handle_read_req
                0x00015e30       0x96 /home/mehdi/SimplicityStudio/v4_workspace/BARK_v2/protocol/bluetooth_2.7/lib/EFR32BG13P/GCC/libbluetooth.a(gatt_server.c.obj)
 .text.finish_execute_write_req
                0x00015ec6       0x9e /home/mehdi/SimplicityStudio/v4_workspace/BARK_v2/protocol/bluetooth_2.7/lib/EFR32BG13P/GCC/libbluetooth.a(gatt_server.c.obj)
 .text.send_notification
                0x00015f64       0x70 /home/mehdi/SimplicityStudio/v4_workspace/BARK_v2/protocol/bluetooth_2.7/lib/EFR32BG13P/GCC/libbluetooth.a(gatt_server.c.obj)
 .text.gatt_server_send_attribute_value_event
                0x00015fd4       0x3a /home/mehdi/SimplicityStudio/v4_workspace/BARK_v2/protocol/bluetooth_2.7/lib/EFR32BG13P/GCC/libbluetooth.a(gatt_server.c.obj)
                0x00015fd4                gatt_server_send_attribute_value_event
 .text.gatt_server_send_characteristic_status_event
                0x0001600e       0x32 /home/mehdi/SimplicityStudio/v4_workspace/BARK_v2/protocol/bluetooth_2.7/lib/EFR32BG13P/GCC/libbluetooth.a(gatt_server.c.obj)
                0x0001600e                gatt_server_send_characteristic_status_event
 .text.gatt_server_handle_exchange_mtu_req
                0x00016040       0x3c /home/mehdi/SimplicityStudio/v4_workspace/BARK_v2/protocol/bluetooth_2.7/lib/EFR32BG13P/GCC/libbluetooth.a(gatt_server.c.obj)
                0x00016040                gatt_server_handle_exchange_mtu_req
 .text.gatt_server_handle_read_by_group_type
                0x0001607c      0x134 /home/mehdi/SimplicityStudio/v4_workspace/BARK_v2/protocol/bluetooth_2.7/lib/EFR32BG13P/GCC/libbluetooth.a(gatt_server.c.obj)
                0x0001607c                gatt_server_handle_read_by_group_type
 .text.gatt_server_handle_read_by_type
                0x000161b0      0x138 /home/mehdi/SimplicityStudio/v4_workspace/BARK_v2/protocol/bluetooth_2.7/lib/EFR32BG13P/GCC/libbluetooth.a(gatt_server.c.obj)
                0x000161b0                gatt_server_handle_read_by_type
 .text.gatt_server_handle_find_information
                0x000162e8       0xf6 /home/mehdi/SimplicityStudio/v4_workspace/BARK_v2/protocol/bluetooth_2.7/lib/EFR32BG13P/GCC/libbluetooth.a(gatt_server.c.obj)
                0x000162e8                gatt_server_handle_find_information
 .text.gatt_server_handle_find_by_type_value_req
                0x000163de       0xcc /home/mehdi/SimplicityStudio/v4_workspace/BARK_v2/protocol/bluetooth_2.7/lib/EFR32BG13P/GCC/libbluetooth.a(gatt_server.c.obj)